Archive member included to satisfy reference by file (symbol)

/usr/lib/gcc/arm-none-eabi/9.2.1/thumb/v6-m/nofp/libgcc.a(_dvmd_tls.o)
                              CMakeFiles/video_ram_replacement.dir/tree/downloaded_tools/pico/pico-sdk/src/rp2_common/pico_divider/divider.S.obj (__aeabi_idiv0)
/usr/lib/gcc/arm-none-eabi/9.2.1/../../../arm-none-eabi/lib/thumb/v6-m/nofp/libc.a(lib_a-atexit.o)
                              /usr/lib/gcc/arm-none-eabi/9.2.1/../../../arm-none-eabi/lib/thumb/v6-m/nofp/crt0.o (atexit)
/usr/lib/gcc/arm-none-eabi/9.2.1/../../../arm-none-eabi/lib/thumb/v6-m/nofp/libc.a(lib_a-calloc.o)
                              CMakeFiles/video_ram_replacement.dir/tree/downloaded_tools/pico/pico-sdk/src/rp2_common/pico_malloc/pico_malloc.c.obj (calloc)
/usr/lib/gcc/arm-none-eabi/9.2.1/../../../arm-none-eabi/lib/thumb/v6-m/nofp/libc.a(lib_a-callocr.o)
                              /usr/lib/gcc/arm-none-eabi/9.2.1/../../../arm-none-eabi/lib/thumb/v6-m/nofp/libc.a(lib_a-calloc.o) (_calloc_r)
/usr/lib/gcc/arm-none-eabi/9.2.1/../../../arm-none-eabi/lib/thumb/v6-m/nofp/libc.a(lib_a-errno.o)
                              CMakeFiles/video_ram_replacement.dir/tree/downloaded_tools/pico/ajm-no-OS-FatFS-SD-SPI-RPi-Pico/FatFs_SPI/src/ff_stdio.c.obj (__errno)
/usr/lib/gcc/arm-none-eabi/9.2.1/../../../arm-none-eabi/lib/thumb/v6-m/nofp/libc.a(lib_a-fflush.o)
                              CMakeFiles/video_ram_replacement.dir/tree/downloaded_tools/pico/ajm-no-OS-FatFS-SD-SPI-RPi-Pico/FatFs_SPI/sd_driver/demo_logging.c.obj (fflush)
/usr/lib/gcc/arm-none-eabi/9.2.1/../../../arm-none-eabi/lib/thumb/v6-m/nofp/libc.a(lib_a-findfp.o)
                              /usr/lib/gcc/arm-none-eabi/9.2.1/../../../arm-none-eabi/lib/thumb/v6-m/nofp/libc.a(lib_a-fflush.o) (__sinit)
/usr/lib/gcc/arm-none-eabi/9.2.1/../../../arm-none-eabi/lib/thumb/v6-m/nofp/libc.a(lib_a-fini.o)
                              /usr/lib/gcc/arm-none-eabi/9.2.1/../../../arm-none-eabi/lib/thumb/v6-m/nofp/crt0.o (__libc_fini_array)
/usr/lib/gcc/arm-none-eabi/9.2.1/../../../arm-none-eabi/lib/thumb/v6-m/nofp/libc.a(lib_a-freer.o)
                              /usr/lib/gcc/arm-none-eabi/9.2.1/../../../arm-none-eabi/lib/thumb/v6-m/nofp/libc.a(lib_a-fflush.o) (_free_r)
/usr/lib/gcc/arm-none-eabi/9.2.1/../../../arm-none-eabi/lib/thumb/v6-m/nofp/libc.a(lib_a-fwalk.o)
                              /usr/lib/gcc/arm-none-eabi/9.2.1/../../../arm-none-eabi/lib/thumb/v6-m/nofp/libc.a(lib_a-findfp.o) (_fwalk)
/usr/lib/gcc/arm-none-eabi/9.2.1/../../../arm-none-eabi/lib/thumb/v6-m/nofp/libc.a(lib_a-impure.o)
                              /usr/lib/gcc/arm-none-eabi/9.2.1/../../../arm-none-eabi/lib/thumb/v6-m/nofp/libc.a(lib_a-fflush.o) (_global_impure_ptr)
/usr/lib/gcc/arm-none-eabi/9.2.1/../../../arm-none-eabi/lib/thumb/v6-m/nofp/libc.a(lib_a-init.o)
                              /usr/lib/gcc/arm-none-eabi/9.2.1/../../../arm-none-eabi/lib/thumb/v6-m/nofp/crt0.o (__libc_init_array)
/usr/lib/gcc/arm-none-eabi/9.2.1/../../../arm-none-eabi/lib/thumb/v6-m/nofp/libc.a(lib_a-malloc.o)
                              CMakeFiles/video_ram_replacement.dir/tree/downloaded_tools/pico/pico-sdk/src/rp2_common/pico_malloc/pico_malloc.c.obj (malloc)
/usr/lib/gcc/arm-none-eabi/9.2.1/../../../arm-none-eabi/lib/thumb/v6-m/nofp/libc.a(lib_a-mallocr.o)
                              /usr/lib/gcc/arm-none-eabi/9.2.1/../../../arm-none-eabi/lib/thumb/v6-m/nofp/libc.a(lib_a-callocr.o) (_malloc_r)
/usr/lib/gcc/arm-none-eabi/9.2.1/../../../arm-none-eabi/lib/thumb/v6-m/nofp/libc.a(lib_a-mktime.o)
                              CMakeFiles/video_ram_replacement.dir/tree/downloaded_tools/pico/ajm-no-OS-FatFS-SD-SPI-RPi-Pico/FatFs_SPI/src/rtc.c.obj (mktime)
/usr/lib/gcc/arm-none-eabi/9.2.1/../../../arm-none-eabi/lib/thumb/v6-m/nofp/libc.a(lib_a-mlock.o)
                              /usr/lib/gcc/arm-none-eabi/9.2.1/../../../arm-none-eabi/lib/thumb/v6-m/nofp/libc.a(lib_a-freer.o) (__malloc_lock)
/usr/lib/gcc/arm-none-eabi/9.2.1/../../../arm-none-eabi/lib/thumb/v6-m/nofp/libc.a(lib_a-realloc.o)
                              CMakeFiles/video_ram_replacement.dir/tree/downloaded_tools/pico/pico-sdk/src/rp2_common/pico_malloc/pico_malloc.c.obj (realloc)
/usr/lib/gcc/arm-none-eabi/9.2.1/../../../arm-none-eabi/lib/thumb/v6-m/nofp/libc.a(lib_a-reallocr.o)
                              /usr/lib/gcc/arm-none-eabi/9.2.1/../../../arm-none-eabi/lib/thumb/v6-m/nofp/libc.a(lib_a-realloc.o) (_realloc_r)
/usr/lib/gcc/arm-none-eabi/9.2.1/../../../arm-none-eabi/lib/thumb/v6-m/nofp/libc.a(lib_a-sbrkr.o)
                              /usr/lib/gcc/arm-none-eabi/9.2.1/../../../arm-none-eabi/lib/thumb/v6-m/nofp/libc.a(lib_a-freer.o) (_sbrk_r)
/usr/lib/gcc/arm-none-eabi/9.2.1/../../../arm-none-eabi/lib/thumb/v6-m/nofp/libc.a(lib_a-stdio.o)
                              /usr/lib/gcc/arm-none-eabi/9.2.1/../../../arm-none-eabi/lib/thumb/v6-m/nofp/libc.a(lib_a-findfp.o) (__sread)
[...]
Memory Configuration

Name             Origin             Length             Attributes
FLASH            0x0000000010000000 0x0000000000200000 xr
RAM              0x0000000020000000 0x0000000000040000 xrw
SCRATCH_X        0x0000000020040000 0x0000000000001000 xrw
SCRATCH_Y        0x0000000020041000 0x0000000000001000 xrw
*default*        0x0000000000000000 0xffffffffffffffff

Linker script and memory map

LOAD /usr/lib/gcc/arm-none-eabi/9.2.1/thumb/v6-m/nofp/crti.o
LOAD /usr/lib/gcc/arm-none-eabi/9.2.1/thumb/v6-m/nofp/crtbegin.o
LOAD /usr/lib/gcc/arm-none-eabi/9.2.1/../../../arm-none-eabi/lib/thumb/v6-m/nofp/crt0.o

.flash_begin    0x0000000010000000        0x0
                0x0000000010000000                __flash_binary_start = .

.boot2          0x0000000010000000      0x100
                0x0000000010000000                __boot2_start__ = .
 *(.boot2)
 .boot2         0x0000000010000000      0x100 /tmp/cciJffRl.o
                0x0000000010000100                __boot2_end__ = .
                0x0000000000000001                ASSERT (((__boot2_end__ - __boot2_start__) == 0x100), ERROR: Pico second stage bootloader must be 256 bytes in size)

.flashtext      0x0000000010000100      0x1e0
                0x0000000010000100                __logical_binary_start = .
 *(.vectors)
 .vectors       0x0000000010000100       0xd4 CMakeFiles/video_ram_replacement.dir/tree/downloaded_tools/pico/pico-sdk/src/rp2_common/pico_standard_link/crt0.S.obj
                0x0000000010000100                __vectors
                0x0000000010000100                __VECTOR_TABLE
                0x00000000100001c0                isr_invalid
                0x00000000100001c0                __default_isrs_start
                0x00000000100001c2                isr_nmi
                0x00000000100001c4                isr_hardfault
                0x00000000100001c6                isr_svcall
                0x00000000100001c8                isr_pendsv
                0x00000000100001ca                isr_systick
                0x00000000100001cc                isr_irq30
                0x00000000100001cc                __unhandled_user_irq
                0x00000000100001cc                isr_irq13
                0x00000000100001cc                isr_irq27
                0x00000000100001cc                isr_irq31
                0x00000000100001cc                isr_irq5
                0x00000000100001cc                isr_irq11
                0x00000000100001cc                isr_irq23
                0x00000000100001cc                isr_irq18
                0x00000000100001cc                isr_irq28
                0x00000000100001cc                isr_irq19
                0x00000000100001cc                isr_irq0
                0x00000000100001cc                isr_irq6
                0x00000000100001cc                isr_irq22
                0x00000000100001cc                isr_irq17
                0x00000000100001cc                isr_irq14
                0x00000000100001cc                isr_irq2
                0x00000000100001cc                isr_irq10
                0x00000000100001cc                isr_irq8
                0x00000000100001cc                isr_irq24
                0x00000000100001cc                isr_irq1
                0x00000000100001cc                isr_irq7
                0x00000000100001cc                isr_irq21
                0x00000000100001cc                isr_irq20
                0x00000000100001cc                isr_irq15
                0x00000000100001cc                isr_irq25
                0x00000000100001cc                isr_irq4
                0x00000000100001cc                isr_irq16
                0x00000000100001cc                isr_irq29
                0x00000000100001cc                isr_irq26
                0x00000000100001cc                __default_isrs_end
                0x00000000100001cc                isr_irq3
                0x00000000100001cc                isr_irq12
                0x00000000100001cc                isr_irq9
                0x00000000100001d2                unhandled_user_irq_num_in_r0
 *(.binary_info_header)
 .binary_info_header
                0x00000000100001d4       0x14 CMakeFiles/video_ram_replacement.dir/tree/downloaded_tools/pico/pico-sdk/src/rp2_common/pico_standard_link/crt0.S.obj
                0x00000000100001e8                __binary_info_header_end = .
 *(.reset)
 .reset         0x00000000100001e8       0xb4 CMakeFiles/video_ram_replacement.dir/tree/downloaded_tools/pico/pico-sdk/src/rp2_common/pico_standard_link/crt0.S.obj
                0x00000000100001e8                _entry_point
                0x0000000010000272                __get_current_exception
 *fill*         0x000000001000029c        0x4 
 .reset.__stub  0x00000000100002a0       0x10 linker stubs
 .reset         0x00000000100002b0       0x30 CMakeFiles/video_ram_replacement.dir/tree/downloaded_tools/pico/pico-sdk/src/rp2_common/pico_standard_link/binary_info.c.obj

.rodata         0x00000000100002e0        0x0
 *(SORT_BY_ALIGNMENT(SORT_BY_NAME(.flashdata*)))
                0x00000000100002e0                . = ALIGN (0x4)

.ARM.extab
 *(.ARM.extab* .gnu.linkonce.armextab.*)
                0x00000000100002e0                __exidx_start = .

.ARM.exidx
 *(.ARM.exidx* .gnu.linkonce.armexidx.*)
                0x00000000100002e0                __exidx_end = .
                0x00000000100002e0                . = ALIGN (0x4)
                0x00000000100002e0                __binary_info_start = .

.binary_info    0x00000000100002e0       0x20
 *(.binary_info.keep.*)
 .binary_info.keep.__bi_ptr22
                0x00000000100002e0        0x4 CMakeFiles/video_ram_replacement.dir/tree/downloaded_tools/pico/pico-sdk/src/rp2_common/pico_standard_link/binary_info.c.obj
 .binary_info.keep.__bi_ptr30
                0x00000000100002e4        0x4 CMakeFiles/video_ram_replacement.dir/tree/downloaded_tools/pico/pico-sdk/src/rp2_common/pico_standard_link/binary_info.c.obj
 .binary_info.keep.__bi_ptr38
                0x00000000100002e8        0x4 CMakeFiles/video_ram_replacement.dir/tree/downloaded_tools/pico/pico-sdk/src/rp2_common/pico_standard_link/binary_info.c.obj
 .binary_info.keep.__bi_ptr44
                0x00000000100002ec        0x4 CMakeFiles/video_ram_replacement.dir/tree/downloaded_tools/pico/pico-sdk/src/rp2_common/pico_standard_link/binary_info.c.obj
 .binary_info.keep.__bi_ptr50
                0x00000000100002f0        0x4 CMakeFiles/video_ram_replacement.dir/tree/downloaded_tools/pico/pico-sdk/src/rp2_common/pico_standard_link/binary_info.c.obj
 .binary_info.keep.__bi_ptr56
                0x00000000100002f4        0x4 CMakeFiles/video_ram_replacement.dir/tree/downloaded_tools/pico/pico-sdk/src/rp2_common/pico_standard_link/binary_info.c.obj
 .binary_info.keep.__bi_ptr75
                0x00000000100002f8        0x4 CMakeFiles/video_ram_replacement.dir/tree/downloaded_tools/pico/pico-sdk/src/rp2_common/pico_standard_link/binary_info.c.obj
 .binary_info.keep.__bi_ptr81
                0x00000000100002fc        0x4 CMakeFiles/video_ram_replacement.dir/tree/downloaded_tools/pico/pico-sdk/src/rp2_common/pico_standard_link/binary_info.c.obj
 *(.binary_info.*)
                0x0000000010000300                __binary_info_end = .
                0x0000000010000300                . = ALIGN (0x4)

.ram_vector_table
                0x0000000020000000       0xc0
 *(.ram_vector_table)
 .ram_vector_table
                0x0000000020000000       0xc0 CMakeFiles/video_ram_replacement.dir/tree/downloaded_tools/pico/pico-sdk/src/rp2_common/pico_runtime/runtime.c.obj
                0x0000000020000000                ram_vector_table

.text           0x00000000200000c0     0x1ab0 load address 0x0000000010000300
                0x00000000200000c0                __ram_text_start__ = .
 *(.init)
 .init          0x00000000200000c0        0x4 /usr/lib/gcc/arm-none-eabi/9.2.1/thumb/v6-m/nofp/crti.o
                0x00000000200000c0                _init
 *(.text*)
 .text          0x00000000200000c4       0x98 /usr/lib/gcc/arm-none-eabi/9.2.1/thumb/v6-m/nofp/crtbegin.o
 .text.startup.main
                0x000000002000015c      0x14c CMakeFiles/video_ram_replacement.dir/video_ram_replacement.c.obj
                0x000000002000015c                main
 .text.gpio_init
                0x00000000200002a8       0x3c CMakeFiles/video_ram_replacement.dir/tree/downloaded_tools/pico/pico-sdk/src/rp2_common/hardware_gpio/gpio.c.obj
                0x00000000200002a8                gpio_init
 .text.hw_claim_or_assert
                0x00000000200002e4       0x48 CMakeFiles/video_ram_replacement.dir/tree/downloaded_tools/pico/pico-sdk/src/rp2_common/hardware_claim/claim.c.obj
                0x00000000200002e4                hw_claim_or_assert
 .text.running_on_fpga
                0x000000002000032c       0x10 CMakeFiles/video_ram_replacement.dir/tree/downloaded_tools/pico/pico-sdk/src/rp2_common/pico_platform/platform.c.obj
                0x000000002000032c                running_on_fpga
 .text.spin_locks_reset
                0x000000002000033c       0x1c CMakeFiles/video_ram_replacement.dir/tree/downloaded_tools/pico/pico-sdk/src/rp2_common/hardware_sync/sync.c.obj
                0x000000002000033c                spin_locks_reset
 .text.next_striped_spin_lock_num
                0x0000000020000358       0x18 CMakeFiles/video_ram_replacement.dir/tree/downloaded_tools/pico/pico-sdk/src/rp2_common/hardware_sync/sync.c.obj
                0x0000000020000358                next_striped_spin_lock_num
 .text.irq_set_enabled
                0x0000000020000370       0x24 CMakeFiles/video_ram_replacement.dir/tree/downloaded_tools/pico/pico-sdk/src/rp2_common/hardware_irq/irq.c.obj
                0x0000000020000370                irq_set_enabled
 .text.irq_get_vtable_handler
                0x0000000020000394       0x10 CMakeFiles/video_ram_replacement.dir/tree/downloaded_tools/pico/pico-sdk/src/rp2_common/hardware_irq/irq.c.obj
                0x0000000020000394                irq_get_vtable_handler
 .text.irq_set_exclusive_handler
                0x00000000200003a4       0x54 CMakeFiles/video_ram_replacement.dir/tree/downloaded_tools/pico/pico-sdk/src/rp2_common/hardware_irq/irq.c.obj
                0x00000000200003a4                irq_set_exclusive_handler
 .text.irq_remove_handler
                0x00000000200003f8      0x1b4 CMakeFiles/video_ram_replacement.dir/tree/downloaded_tools/pico/pico-sdk/src/rp2_common/hardware_irq/irq.c.obj
                0x00000000200003f8                irq_remove_handler
 .text.irq_add_tail_to_free_list
                0x00000000200005ac       0xb8 CMakeFiles/video_ram_replacement.dir/tree/downloaded_tools/pico/pico-sdk/src/rp2_common/hardware_irq/irq.c.obj
                0x00000000200005ac                irq_add_tail_to_free_list
 .text.irq_init_priorities
                0x0000000020000664       0x24 CMakeFiles/video_ram_replacement.dir/tree/downloaded_tools/pico/pico-sdk/src/rp2_common/hardware_irq/irq.c.obj
                0x0000000020000664                irq_init_priorities
 .text.lock_init
                0x0000000020000688       0x10 CMakeFiles/video_ram_replacement.dir/tree/downloaded_tools/pico/pico-sdk/src/common/pico_sync/lock_core.c.obj
                0x0000000020000688                lock_init
 .text.timer_pool_entry_comparator
                0x0000000020000698       0x34 CMakeFiles/video_ram_replacement.dir/tree/downloaded_tools/pico/pico-sdk/src/common/pico_time/time.c.obj
                0x0000000020000698                timer_pool_entry_comparator
 .text.add_alarm_under_lock
                0x00000000200006cc      0x108 CMakeFiles/video_ram_replacement.dir/tree/downloaded_tools/pico/pico-sdk/src/common/pico_time/time.c.obj
 .text.alarm_pool_alarm_callback
                0x00000000200007d4      0x1c8 CMakeFiles/video_ram_replacement.dir/tree/downloaded_tools/pico/pico-sdk/src/common/pico_time/time.c.obj
 .text.alarm_pool_init_default
                0x000000002000099c       0x64 CMakeFiles/video_ram_replacement.dir/tree/downloaded_tools/pico/pico-sdk/src/common/pico_time/time.c.obj
                0x000000002000099c                alarm_pool_init_default
 .text.hardware_alarm_irq_handler
                0x0000000020000a00       0xb8 CMakeFiles/video_ram_replacement.dir/tree/downloaded_tools/pico/pico-sdk/src/rp2_common/hardware_timer/timer.c.obj
 .text.hardware_alarm_claim
                0x0000000020000ab8       0x18 CMakeFiles/video_ram_replacement.dir/tree/downloaded_tools/pico/pico-sdk/src/rp2_common/hardware_timer/timer.c.obj
                0x0000000020000ab8                hardware_alarm_claim
 .text.time_us_64
                0x0000000020000ad0       0x14 CMakeFiles/video_ram_replacement.dir/tree/downloaded_tools/pico/pico-sdk/src/rp2_common/hardware_timer/timer.c.obj
                0x0000000020000ad0                time_us_64
 .text.hardware_alarm_set_callback
                0x0000000020000ae4       0x8c CMakeFiles/video_ram_replacement.dir/tree/downloaded_tools/pico/pico-sdk/src/rp2_common/hardware_timer/timer.c.obj
                0x0000000020000ae4                hardware_alarm_set_callback
 .text.hardware_alarm_set_target
                0x0000000020000b70       0xe4 CMakeFiles/video_ram_replacement.dir/tree/downloaded_tools/pico/pico-sdk/src/rp2_common/hardware_timer/timer.c.obj
                0x0000000020000b70                hardware_alarm_set_target
 .text.hardware_alarm_cancel
                0x0000000020000c54       0x40 CMakeFiles/video_ram_replacement.dir/tree/downloaded_tools/pico/pico-sdk/src/rp2_common/hardware_timer/timer.c.obj
                0x0000000020000c54                hardware_alarm_cancel
 .text.ph_merge_nodes
                0x0000000020000c94       0x68 CMakeFiles/video_ram_replacement.dir/tree/downloaded_tools/pico/pico-sdk/src/common/pico_util/pheap.c.obj
 .text.ph_post_alloc_init
                0x0000000020000cfc       0x3c CMakeFiles/video_ram_replacement.dir/tree/downloaded_tools/pico/pico-sdk/src/common/pico_util/pheap.c.obj
                0x0000000020000cfc                ph_post_alloc_init
 .text.ph_merge_two_pass
                0x0000000020000d38       0x90 CMakeFiles/video_ram_replacement.dir/tree/downloaded_tools/pico/pico-sdk/src/common/pico_util/pheap.c.obj
                0x0000000020000d38                ph_merge_two_pass
 .text.ph_remove_any_head
                0x0000000020000dc8       0xf8 CMakeFiles/video_ram_replacement.dir/tree/downloaded_tools/pico/pico-sdk/src/common/pico_util/pheap.c.obj
 .text.ph_remove_head
                0x0000000020000ec0      0x13c CMakeFiles/video_ram_replacement.dir/tree/downloaded_tools/pico/pico-sdk/src/common/pico_util/pheap.c.obj
                0x0000000020000ec0                ph_remove_head
 .text.ph_remove_and_free_node
                0x0000000020000ffc       0x7c CMakeFiles/video_ram_replacement.dir/tree/downloaded_tools/pico/pico-sdk/src/common/pico_util/pheap.c.obj
                0x0000000020000ffc                ph_remove_and_free_node
 .text.mutex_init
                0x0000000020001078       0x1c CMakeFiles/video_ram_replacement.dir/tree/downloaded_tools/pico/pico-sdk/src/common/pico_sync/mutex.c.obj
                0x0000000020001078                mutex_init
 .text.recursive_mutex_init
                0x0000000020001094       0x1c CMakeFiles/video_ram_replacement.dir/tree/downloaded_tools/pico/pico-sdk/src/common/pico_sync/mutex.c.obj
                0x0000000020001094                recursive_mutex_init
 .text.runtime_init
                0x00000000200010b0       0xf0 CMakeFiles/video_ram_replacement.dir/tree/downloaded_tools/pico/pico-sdk/src/rp2_common/pico_runtime/runtime.c.obj
                0x00000000200010b0                runtime_init
 .text.exit     0x00000000200011a0        0x4 CMakeFiles/video_ram_replacement.dir/tree/downloaded_tools/pico/pico-sdk/src/rp2_common/pico_runtime/runtime.c.obj
                0x00000000200011a0                exit
 .text.panic    0x00000000200011a4       0x30 CMakeFiles/video_ram_replacement.dir/tree/downloaded_tools/pico/pico-sdk/src/rp2_common/pico_runtime/runtime.c.obj
                0x00000000200011a4                panic
 .text.hard_assertion_failure
                0x00000000200011d4        0xc CMakeFiles/video_ram_replacement.dir/tree/downloaded_tools/pico/pico-sdk/src/rp2_common/pico_runtime/runtime.c.obj
                0x00000000200011d4                hard_assertion_failure
 .text.clocks_init
                0x00000000200011e0      0x2bc CMakeFiles/video_ram_replacement.dir/tree/downloaded_tools/pico/pico-sdk/src/rp2_common/hardware_clocks/clocks.c.obj
                0x00000000200011e0                clocks_init
 .text.pll_init
                0x000000002000149c       0xa8 CMakeFiles/video_ram_replacement.dir/tree/downloaded_tools/pico/pico-sdk/src/rp2_common/hardware_pll/pll.c.obj
                0x000000002000149c                pll_init
 .text.watchdog_start_tick
                0x0000000020001544       0x10 CMakeFiles/video_ram_replacement.dir/tree/downloaded_tools/pico/pico-sdk/src/rp2_common/hardware_watchdog/watchdog.c.obj
                0x0000000020001544                watchdog_start_tick
 .text.xosc_init
                0x0000000020001554       0x28 CMakeFiles/video_ram_replacement.dir/tree/downloaded_tools/pico/pico-sdk/src/rp2_common/hardware_xosc/xosc.c.obj
                0x0000000020001554                xosc_init
 .text._out_char
                0x000000002000157c       0x10 CMakeFiles/video_ram_replacement.dir/tree/downloaded_tools/pico/pico-sdk/src/rp2_common/pico_printf/printf.c.obj
 .text.weak_raw_vprintf
                0x000000002000158c       0x30 CMakeFiles/video_ram_replacement.dir/tree/downloaded_tools/pico/pico-sdk/src/rp2_common/pico_printf/printf.c.obj
                0x000000002000158c                weak_raw_vprintf
 .text          0x00000000200015bc       0x10 CMakeFiles/video_ram_replacement.dir/tree/downloaded_tools/pico/pico-sdk/src/rp2_common/pico_bit_ops/bit_ops_aeabi.S.obj
 .text.rom_func_lookup
                0x00000000200015cc       0x10 CMakeFiles/video_ram_replacement.dir/tree/downloaded_tools/pico/pico-sdk/src/rp2_common/pico_bootrom/bootrom.c.obj
                0x00000000200015cc                rom_func_lookup
 .text.rom_data_lookup
                0x00000000200015dc       0x10 CMakeFiles/video_ram_replacement.dir/tree/downloaded_tools/pico/pico-sdk/src/rp2_common/pico_bootrom/bootrom.c.obj
                0x00000000200015dc                rom_data_lookup
 .text.rom_funcs_lookup
                0x00000000200015ec       0x3c CMakeFiles/video_ram_replacement.dir/tree/downloaded_tools/pico/pico-sdk/src/rp2_common/pico_bootrom/bootrom.c.obj
                0x00000000200015ec                rom_funcs_lookup
 .text.__wrap___aeabi_uidiv
                0x0000000020001628       0x4c CMakeFiles/video_ram_replacement.dir/tree/downloaded_tools/pico/pico-sdk/src/rp2_common/pico_divider/divider.S.obj
                0x0000000020001628                __wrap___aeabi_uidiv
                0x0000000020001628                __wrap___aeabi_uidivmod
                0x0000000020001628                div_u32u32
                0x0000000020001628                divmod_u32u32
                0x0000000020001630                divmod_u32u32_unsafe
                0x0000000020001658                divmod_u32u32_savestate
 .text.__aeabi_double_init
                0x0000000020001674       0xc0 CMakeFiles/video_ram_replacement.dir/tree/downloaded_tools/pico/pico-sdk/src/rp2_common/pico_double/double_init_rom.c.obj
                0x0000000020001674                __aeabi_double_init
 .text.double_table_shim_on_use_helper
                0x0000000020001734       0x2c CMakeFiles/video_ram_replacement.dir/tree/downloaded_tools/pico/pico-sdk/src/rp2_common/pico_double/double_v1_rom_shim.S.obj
                0x0000000020001734                double_table_shim_on_use_helper
 .text.__aeabi_float_init
                0x0000000020001760       0x64 CMakeFiles/video_ram_replacement.dir/tree/downloaded_tools/pico/pico-sdk/src/rp2_common/pico_float/float_init_rom.c.obj
                0x0000000020001760                __aeabi_float_init
 .text.float_table_shim_on_use_helper
                0x00000000200017c4       0x2c CMakeFiles/video_ram_replacement.dir/tree/downloaded_tools/pico/pico-sdk/src/rp2_common/pico_float/float_v1_rom_shim.S.obj
                0x00000000200017c4                float_table_shim_on_use_helper
 .text          0x00000000200017f0       0x10 CMakeFiles/video_ram_replacement.dir/tree/downloaded_tools/pico/pico-sdk/src/rp2_common/pico_mem_ops/mem_ops_aeabi.S.obj
                0x00000000200017f0                __aeabi_mem_init
 .text.memset   0x0000000020001800        0xc CMakeFiles/video_ram_replacement.dir/tree/downloaded_tools/pico/pico-sdk/src/rp2_common/pico_mem_ops/mem_ops_aeabi.S.obj
                0x0000000020001800                __wrap_memset
 .text.memcpy   0x000000002000180c        0xc CMakeFiles/video_ram_replacement.dir/tree/downloaded_tools/pico/pico-sdk/src/rp2_common/pico_mem_ops/mem_ops_aeabi.S.obj
                0x000000002000180c                __wrap___aeabi_memcpy
                0x000000002000180c                __wrap_memcpy
 .text.stdio_out_chars_no_crlf
                0x0000000020001818       0x10 CMakeFiles/video_ram_replacement.dir/tree/downloaded_tools/pico/pico-sdk/src/rp2_common/pico_stdio/stdio.c.obj
 .text.stdio_out_chars_crlf
                0x0000000020001828       0x94 CMakeFiles/video_ram_replacement.dir/tree/downloaded_tools/pico/pico-sdk/src/rp2_common/pico_stdio/stdio.c.obj
 .text.stdio_put_string
                0x00000000200018bc      0x100 CMakeFiles/video_ram_replacement.dir/tree/downloaded_tools/pico/pico-sdk/src/rp2_common/pico_stdio/stdio.c.obj
 .text.__wrap_putchar
                0x00000000200019bc       0xa4 CMakeFiles/video_ram_replacement.dir/tree/downloaded_tools/pico/pico-sdk/src/rp2_common/pico_stdio/stdio.c.obj
                0x00000000200019bc                __wrap_putchar
 .text.__wrap_puts
                0x0000000020001a60       0x3c CMakeFiles/video_ram_replacement.dir/tree/downloaded_tools/pico/pico-sdk/src/rp2_common/pico_stdio/stdio.c.obj
                0x0000000020001a60                __wrap_puts
 .text.startup._retrieve_unique_id_on_boot
                0x0000000020001a9c       0x10 CMakeFiles/video_ram_replacement.dir/tree/downloaded_tools/pico/pico-sdk/src/rp2_common/pico_unique_id/unique_id.c.obj
 .text.flash_get_unique_id
                0x0000000020001aac       0x40 CMakeFiles/video_ram_replacement.dir/tree/downloaded_tools/pico/pico-sdk/src/rp2_common/hardware_flash/flash.c.obj
                0x0000000020001aac                flash_get_unique_id
 .text          0x0000000020001aec        0x4 /usr/lib/gcc/arm-none-eabi/9.2.1/thumb/v6-m/nofp/libgcc.a(_dvmd_tls.o)
                0x0000000020001aec                __aeabi_ldiv0
                0x0000000020001aec                __aeabi_idiv0
 .text          0x0000000020001af0       0x68 /usr/lib/gcc/arm-none-eabi/9.2.1/../../../arm-none-eabi/lib/thumb/v6-m/nofp/libc.a(lib_a-strlen-stub.o)
                0x0000000020001af0                strlen
 *(.fini)
 .fini          0x0000000020001b58        0x4 /usr/lib/gcc/arm-none-eabi/9.2.1/thumb/v6-m/nofp/crti.o
                0x0000000020001b58                _fini
 *fill*         0x0000000020001b5c        0x4 
 .fini.__stub   0x0000000020001b60       0x10 linker stubs
 *crtbegin.o(.ctors)
 *crtbegin?.o(.ctors)
 *(EXCLUDE_FILE(*crtend.o *crtend?.o) .ctors)
 *(SORT_BY_NAME(.ctors.*))
 *(.ctors)
 *crtbegin.o(.dtors)
 *crtbegin?.o(.dtors)
 *(EXCLUDE_FILE(*crtend.o *crtend?.o) .dtors)
 *(SORT_BY_NAME(.dtors.*))
 *(.dtors)
 *(.eh_frame*)
 .eh_frame      0x0000000020001b70        0x0 /usr/lib/gcc/arm-none-eabi/9.2.1/thumb/v6-m/nofp/crtbegin.o
                0x0000000020001b70                . = ALIGN (0x4)
                0x0000000020001b70                __ram_text_end__ = .
                0x0000000010000300                __ram_text_source__ = LOADADDR (.text)

.glue_7         0x0000000020001b70        0x0 load address 0x0000000010001db0
 .glue_7        0x0000000020001b70        0x0 linker stubs

.glue_7t        0x0000000020001b70        0x0 load address 0x0000000010001db0
 .glue_7t       0x0000000020001b70        0x0 linker stubs

.vfp11_veneer   0x0000000020001b70        0x0 load address 0x0000000010001db0
 .vfp11_veneer  0x0000000020001b70        0x0 linker stubs

.v4_bx          0x0000000020001b70        0x0 load address 0x0000000010001db0
 .v4_bx         0x0000000020001b70        0x0 linker stubs

.iplt           0x0000000020001b70        0x0 load address 0x0000000010001db0
 .iplt          0x0000000020001b70        0x0 /usr/lib/gcc/arm-none-eabi/9.2.1/thumb/v6-m/nofp/crtbegin.o

.rel.dyn        0x0000000020001b70        0x0 load address 0x0000000010001db0
 .rel.iplt      0x0000000020001b70        0x0 /usr/lib/gcc/arm-none-eabi/9.2.1/thumb/v6-m/nofp/crtbegin.o

.data           0x0000000020001b70      0x3b8 load address 0x0000000010001db0
                0x0000000020001b70                __data_start__ = .
 *(vtable)
 *(.time_critical*)
 .time_critical.mutex_enter_blocking
                0x0000000020001b70       0x48 CMakeFiles/video_ram_replacement.dir/tree/downloaded_tools/pico/pico-sdk/src/common/pico_sync/mutex.c.obj
                0x0000000020001b70                mutex_enter_blocking
 .time_critical.mutex_try_enter
                0x0000000020001bb8       0x48 CMakeFiles/video_ram_replacement.dir/tree/downloaded_tools/pico/pico-sdk/src/common/pico_sync/mutex.c.obj
                0x0000000020001bb8                mutex_try_enter
 .time_critical.mutex_exit
                0x0000000020001c00       0x28 CMakeFiles/video_ram_replacement.dir/tree/downloaded_tools/pico/pico-sdk/src/common/pico_sync/mutex.c.obj
                0x0000000020001c00                mutex_exit
 .time_critical.flash_init_boot2_copyout
                0x0000000020001c28       0x30 CMakeFiles/video_ram_replacement.dir/tree/downloaded_tools/pico/pico-sdk/src/rp2_common/hardware_flash/flash.c.obj
 .time_critical.flash_enable_xip_via_boot2
                0x0000000020001c58       0x10 CMakeFiles/video_ram_replacement.dir/tree/downloaded_tools/pico/pico-sdk/src/rp2_common/hardware_flash/flash.c.obj
 .time_critical.flash_cs_force
                0x0000000020001c68       0x38 CMakeFiles/video_ram_replacement.dir/tree/downloaded_tools/pico/pico-sdk/src/rp2_common/hardware_flash/flash.c.obj
 .time_critical.flash_do_cmd
                0x0000000020001ca0       0xc4 CMakeFiles/video_ram_replacement.dir/tree/downloaded_tools/pico/pico-sdk/src/rp2_common/hardware_flash/flash.c.obj
                0x0000000020001ca0                flash_do_cmd
                0x0000000020001d64                . = ALIGN (0x4)
 *(.rodata*)
 .rodata.address_pins
                0x0000000020001d64       0x38 CMakeFiles/video_ram_replacement.dir/video_ram_replacement.c.obj
                0x0000000020001d64                address_pins
 .rodata.hardware_alarm_claim.str1.4
                0x0000000020001d9c       0x22 CMakeFiles/video_ram_replacement.dir/tree/downloaded_tools/pico/pico-sdk/src/rp2_common/hardware_timer/timer.c.obj
 *fill*         0x0000000020001dbe        0x2 
 .rodata.panic.str1.4
                0x0000000020001dc0       0x12 CMakeFiles/video_ram_replacement.dir/tree/downloaded_tools/pico/pico-sdk/src/rp2_common/pico_runtime/runtime.c.obj
 *fill*         0x0000000020001dd2        0x2 
 .rodata.hard_assertion_failure.str1.4
                0x0000000020001dd4        0xc CMakeFiles/video_ram_replacement.dir/tree/downloaded_tools/pico/pico-sdk/src/rp2_common/pico_runtime/runtime.c.obj
 .rodata.str1.4
                0x0000000020001de0       0x50 CMakeFiles/video_ram_replacement.dir/tree/downloaded_tools/pico/pico-sdk/src/rp2_common/pico_standard_link/binary_info.c.obj
 .rodata.__bi_44
                0x0000000020001e30        0xc CMakeFiles/video_ram_replacement.dir/tree/downloaded_tools/pico/pico-sdk/src/rp2_common/pico_standard_link/binary_info.c.obj
 .rodata.__bi_56
                0x0000000020001e3c        0xc CMakeFiles/video_ram_replacement.dir/tree/downloaded_tools/pico/pico-sdk/src/rp2_common/pico_standard_link/binary_info.c.obj
 .rodata.__bi_75
                0x0000000020001e48        0xc CMakeFiles/video_ram_replacement.dir/tree/downloaded_tools/pico/pico-sdk/src/rp2_common/pico_standard_link/binary_info.c.obj
 .rodata.__bi_81
                0x0000000020001e54        0xc CMakeFiles/video_ram_replacement.dir/tree/downloaded_tools/pico/pico-sdk/src/rp2_common/pico_standard_link/binary_info.c.obj
 .rodata.crlf_str.6065
                0x0000000020001e60        0x2 CMakeFiles/video_ram_replacement.dir/tree/downloaded_tools/pico/pico-sdk/src/rp2_common/pico_stdio/stdio.c.obj
                0x0000000020001e64                . = ALIGN (0x4)
 *fill*         0x0000000020001e62        0x2 
 *(.data*)
 .data.striped_spin_lock_num
                0x0000000020001e64        0x1 CMakeFiles/video_ram_replacement.dir/tree/downloaded_tools/pico/pico-sdk/src/rp2_common/hardware_sync/sync.c.obj
 *fill*         0x0000000020001e65        0x3 
 .data          0x0000000020001e68       0x48 CMakeFiles/video_ram_replacement.dir/tree/downloaded_tools/pico/pico-sdk/src/rp2_common/hardware_irq/irq_handler_chain.S.obj
                0x0000000020001e68                irq_handler_chain_slots
                0x0000000020001e98                irq_handler_chain_first_slot
                0x0000000020001ea2                irq_handler_chain_remove_tail
 .data.default_alarm_pool
                0x0000000020001eb0       0x18 CMakeFiles/video_ram_replacement.dir/tree/downloaded_tools/pico/pico-sdk/src/common/pico_time/time.c.obj
 .data.default_alarm_pool_heap
                0x0000000020001ec8       0x10 CMakeFiles/video_ram_replacement.dir/tree/downloaded_tools/pico/pico-sdk/src/common/pico_time/time.c.obj
 *fill*         0x0000000020001ed8        0x8 
 .data.aeabi_bits_funcs
                0x0000000020001ee0       0x10 CMakeFiles/video_ram_replacement.dir/tree/downloaded_tools/pico/pico-sdk/src/rp2_common/pico_bit_ops/bit_ops_aeabi.S.obj
                0x0000000020001ee0                aeabi_bits_funcs
                0x0000000020001ef0                aeabi_bits_funcs_end
 .data.aeabi_mem_funcs
                0x0000000020001ef0       0x10 CMakeFiles/video_ram_replacement.dir/tree/downloaded_tools/pico/pico-sdk/src/rp2_common/pico_mem_ops/mem_ops_aeabi.S.obj
                0x0000000020001ef0                aeabi_mem_funcs
                0x0000000020001f00                aeabi_mem_funcs_end
                0x0000000020001f00                . = ALIGN (0x4)
 *(.after_data.*)
                0x0000000020001f00                . = ALIGN (0x4)
                0x0000000020001f00                PROVIDE (__mutex_array_start = .)
 *(SORT_BY_NAME(.mutex_array.*))
 *(.mutex_array)
 .mutex_array   0x0000000020001f00        0x8 CMakeFiles/video_ram_replacement.dir/tree/downloaded_tools/pico/pico-sdk/src/rp2_common/pico_malloc/pico_malloc.c.obj
 .mutex_array   0x0000000020001f08        0x8 CMakeFiles/video_ram_replacement.dir/tree/downloaded_tools/pico/pico-sdk/src/rp2_common/pico_stdio/stdio.c.obj
                0x0000000020001f10                PROVIDE (__mutex_array_end = .)
                0x0000000020001f10                . = ALIGN (0x4)
                0x0000000020001f10                PROVIDE (__preinit_array_start = .)
 *(SORT_BY_NAME(.preinit_array.*))
 .preinit_array.00001
                0x0000000020001f10        0x4 CMakeFiles/video_ram_replacement.dir/tree/downloaded_tools/pico/pico-sdk/src/rp2_common/pico_mem_ops/mem_ops_aeabi.S.obj
 .preinit_array.00010
                0x0000000020001f14        0x4 CMakeFiles/video_ram_replacement.dir/tree/downloaded_tools/pico/pico-sdk/src/rp2_common/pico_bit_ops/bit_ops_aeabi.S.obj
 .preinit_array.00020
                0x0000000020001f18        0x4 CMakeFiles/video_ram_replacement.dir/tree/downloaded_tools/pico/pico-sdk/src/rp2_common/pico_double/double_aeabi.S.obj
 .preinit_array.00020
                0x0000000020001f1c        0x4 CMakeFiles/video_ram_replacement.dir/tree/downloaded_tools/pico/pico-sdk/src/rp2_common/pico_float/float_aeabi.S.obj
 *(.preinit_array)
                0x0000000020001f20                PROVIDE (__preinit_array_end = .)
                0x0000000020001f20                . = ALIGN (0x4)
                0x0000000020001f20                PROVIDE (__init_array_start = .)
 *(SORT_BY_NAME(.init_array.*))
 *(.init_array)
 .init_array    0x0000000020001f20        0x4 /usr/lib/gcc/arm-none-eabi/9.2.1/thumb/v6-m/nofp/crtbegin.o
 .init_array    0x0000000020001f24        0x4 CMakeFiles/video_ram_replacement.dir/tree/downloaded_tools/pico/pico-sdk/src/rp2_common/pico_unique_id/unique_id.c.obj
                0x0000000020001f28                PROVIDE (__init_array_end = .)
                0x0000000020001f28                . = ALIGN (0x4)
                0x0000000020001f28                PROVIDE (__fini_array_start = .)
 *(SORT_BY_NAME(.fini_array.*))
 *(.fini_array)
                0x0000000020001f28                PROVIDE (__fini_array_end = .)
 *(.jcr)
                0x0000000020001f28                . = ALIGN (0x4)
                0x0000000020001f28                __data_end__ = .
                0x0000000010001db0                __etext = LOADADDR (.data)

.tm_clone_table
                0x0000000020001f28        0x0 load address 0x0000000010002168
 .tm_clone_table
                0x0000000020001f28        0x0 /usr/lib/gcc/arm-none-eabi/9.2.1/thumb/v6-m/nofp/crtbegin.o
 .tm_clone_table
                0x0000000020001f28        0x0 /usr/lib/gcc/arm-none-eabi/9.2.1/thumb/v6-m/nofp/crtend.o

.igot.plt       0x0000000020001f28        0x0 load address 0x0000000010002168
 .igot.plt      0x0000000020001f28        0x0 /usr/lib/gcc/arm-none-eabi/9.2.1/thumb/v6-m/nofp/crtbegin.o

.uninitialized_data
                0x0000000020001f28        0x0 load address 0x0000000010002168
                0x0000000020001f28                . = ALIGN (0x4)
 *(.uninitialized_data*)

.scratch_x      0x0000000020040000        0x0 load address 0x0000000010002168
                0x0000000020040000                __scratch_x_start__ = .
 *(.scratch_x.*)
                0x0000000020040000                . = ALIGN (0x4)
                0x0000000020040000                __scratch_x_end__ = .
                0x0000000010002168                __scratch_x_source__ = LOADADDR (.scratch_x)

.scratch_y      0x0000000020041000        0x0 load address 0x0000000010002168
                0x0000000020041000                __scratch_y_start__ = .
 *(.scratch_y.*)
                0x0000000020041000                . = ALIGN (0x4)
                0x0000000020041000                __scratch_y_end__ = .
                0x0000000010002168                __scratch_y_source__ = LOADADDR (.scratch_y)

.bss            0x0000000020001f28      0x4d4
                0x0000000020001f28                . = ALIGN (0x4)
                0x0000000020001f28                __bss_start__ = .
 *(SORT_BY_ALIGNMENT(SORT_BY_NAME(.bss*)))
 .bss.default_alarm_pool_entries
                0x0000000020001f28      0x100 CMakeFiles/video_ram_replacement.dir/tree/downloaded_tools/pico/pico-sdk/src/common/pico_time/time.c.obj
 .bss           0x0000000020002028       0x1c /usr/lib/gcc/arm-none-eabi/9.2.1/thumb/v6-m/nofp/crtbegin.o
 .bss.alarm_callbacks
                0x0000000020002044       0x10 CMakeFiles/video_ram_replacement.dir/tree/downloaded_tools/pico/pico-sdk/src/rp2_common/hardware_timer/timer.c.obj
 .bss.boot2_copyout
                0x0000000020002054      0x100 CMakeFiles/video_ram_replacement.dir/tree/downloaded_tools/pico/pico-sdk/src/rp2_common/hardware_flash/flash.c.obj
 .bss.configured_freq
                0x0000000020002154       0x28 CMakeFiles/video_ram_replacement.dir/tree/downloaded_tools/pico/pico-sdk/src/rp2_common/hardware_clocks/clocks.c.obj
 .bss.default_alarm_pool_entry_ids_high
                0x000000002000217c       0x10 CMakeFiles/video_ram_replacement.dir/tree/downloaded_tools/pico/pico-sdk/src/common/pico_time/time.c.obj
 .bss.default_alarm_pool_heap_nodes
                0x000000002000218c       0x30 CMakeFiles/video_ram_replacement.dir/tree/downloaded_tools/pico/pico-sdk/src/common/pico_time/time.c.obj
 .bss.drivers   0x00000000200021bc        0x4 CMakeFiles/video_ram_replacement.dir/tree/downloaded_tools/pico/pico-sdk/src/rp2_common/pico_stdio/stdio.c.obj
 .bss.filter    0x00000000200021c0        0x4 CMakeFiles/video_ram_replacement.dir/tree/downloaded_tools/pico/pico-sdk/src/rp2_common/pico_stdio/stdio.c.obj
 .bss.lazy_vsnprintf
                0x00000000200021c4        0x4 CMakeFiles/video_ram_replacement.dir/tree/downloaded_tools/pico/pico-sdk/src/rp2_common/pico_printf/printf.c.obj
 .bss.pools     0x00000000200021c8       0x10 CMakeFiles/video_ram_replacement.dir/tree/downloaded_tools/pico/pico-sdk/src/common/pico_time/time.c.obj
 .bss.retrieved_id
                0x00000000200021d8        0x8 CMakeFiles/video_ram_replacement.dir/tree/downloaded_tools/pico/pico-sdk/src/rp2_common/pico_unique_id/unique_id.c.obj
 .bss.sf_clz_func
                0x00000000200021e0        0x4 CMakeFiles/video_ram_replacement.dir/tree/downloaded_tools/pico/pico-sdk/src/rp2_common/pico_double/double_init_rom.c.obj
                0x00000000200021e0                sf_clz_func
 .bss.sleep_notifier
                0x00000000200021e4        0x4 CMakeFiles/video_ram_replacement.dir/tree/downloaded_tools/pico/pico-sdk/src/common/pico_time/time.c.obj
 .bss.target_hi
                0x00000000200021e8       0x10 CMakeFiles/video_ram_replacement.dir/tree/downloaded_tools/pico/pico-sdk/src/rp2_common/hardware_timer/timer.c.obj
 .bss.boot2_copyout_valid
                0x00000000200021f8        0x1 CMakeFiles/video_ram_replacement.dir/tree/downloaded_tools/pico/pico-sdk/src/rp2_common/hardware_flash/flash.c.obj
 .bss.claimed   0x00000000200021f9        0x1 CMakeFiles/video_ram_replacement.dir/tree/downloaded_tools/pico/pico-sdk/src/rp2_common/hardware_timer/timer.c.obj
 .bss.irq_hander_chain_free_slot_head
                0x00000000200021fa        0x1 CMakeFiles/video_ram_replacement.dir/tree/downloaded_tools/pico/pico-sdk/src/rp2_common/hardware_irq/irq.c.obj
 .bss.timer_callbacks_pending
                0x00000000200021fb        0x1 CMakeFiles/video_ram_replacement.dir/tree/downloaded_tools/pico/pico-sdk/src/rp2_common/hardware_timer/timer.c.obj
 *(COMMON)
 COMMON         0x00000000200021fc      0x100 CMakeFiles/video_ram_replacement.dir/tree/downloaded_tools/pico/pico-sdk/src/rp2_common/pico_double/double_init_rom.c.obj
                0x00000000200021fc                sd_table
 COMMON         0x00000000200022fc      0x100 CMakeFiles/video_ram_replacement.dir/tree/downloaded_tools/pico/pico-sdk/src/rp2_common/pico_float/float_init_rom.c.obj
                0x00000000200022fc                sf_table
                0x00000000200023fc                . = ALIGN (0x4)
                0x00000000200023fc                __bss_end__ = .

.heap           0x00000000200023fc      0x800
                0x00000000200023fc                __end__ = .
                0x00000000200023fc                end = __end__
 *(.heap*)
 .heap          0x00000000200023fc      0x800 CMakeFiles/video_ram_replacement.dir/tree/downloaded_tools/pico/pico-sdk/src/rp2_common/pico_standard_link/crt0.S.obj
                0x0000000020002bfc                __HeapLimit = .

.stack1_dummy   0x0000000020040000        0x0
 *(.stack1*)

.stack_dummy    0x0000000020041000      0x800
 *(.stack*)
 .stack         0x0000000020041000      0x800 CMakeFiles/video_ram_replacement.dir/tree/downloaded_tools/pico/pico-sdk/src/rp2_common/pico_standard_link/crt0.S.obj

.flash_end      0x0000000010002168        0x0
                0x0000000010002168                __flash_binary_end = .
                0x0000000020040000                __StackLimit = (ORIGIN (RAM) + LENGTH (RAM))
                0x0000000020041000                __StackOneTop = (ORIGIN (SCRATCH_X) + LENGTH (SCRATCH_X))
                0x0000000020042000                __StackTop = (ORIGIN (SCRATCH_Y) + LENGTH (SCRATCH_Y))
                0x0000000020041000                __StackOneBottom = (__StackOneTop - SIZEOF (.stack1_dummy))
                0x0000000020041800                __StackBottom = (__StackTop - SIZEOF (.stack_dummy))
                0x0000000020042000                PROVIDE (__stack = __StackTop)
                0x0000000000000001                ASSERT ((__StackLimit >= __HeapLimit), region RAM overflowed)
                0x0000000000000001                ASSERT (((__binary_info_header_end - __logical_binary_start) <= 0x100), Binary info must be in first 256 bytes of the binary)
LOAD CMakeFiles/video_ram_replacement.dir/video_ram_replacement.c.obj
LOAD CMakeFiles/video_ram_replacement.dir/tree/downloaded_tools/pico/pico-sdk/src/rp2_common/pico_stdlib/stdlib.c.obj
LOAD CMakeFiles/video_ram_replacement.dir/tree/downloaded_tools/pico/pico-sdk/src/rp2_common/hardware_gpio/gpio.c.obj
LOAD CMakeFiles/video_ram_replacement.dir/tree/downloaded_tools/pico/pico-sdk/src/rp2_common/hardware_claim/claim.c.obj
LOAD CMakeFiles/video_ram_replacement.dir/tree/downloaded_tools/pico/pico-sdk/src/rp2_common/pico_platform/platform.c.obj
LOAD CMakeFiles/video_ram_replacement.dir/tree/downloaded_tools/pico/pico-sdk/src/rp2_common/hardware_sync/sync.c.obj
LOAD CMakeFiles/video_ram_replacement.dir/tree/downloaded_tools/pico/pico-sdk/src/rp2_common/hardware_irq/irq.c.obj
LOAD CMakeFiles/video_ram_replacement.dir/tree/downloaded_tools/pico/pico-sdk/src/rp2_common/hardware_irq/irq_handler_chain.S.obj
LOAD CMakeFiles/video_ram_replacement.dir/tree/downloaded_tools/pico/pico-sdk/src/common/pico_sync/sem.c.obj
LOAD CMakeFiles/video_ram_replacement.dir/tree/downloaded_tools/pico/pico-sdk/src/common/pico_sync/lock_core.c.obj
LOAD CMakeFiles/video_ram_replacement.dir/tree/downloaded_tools/pico/pico-sdk/src/common/pico_time/time.c.obj
LOAD CMakeFiles/video_ram_replacement.dir/tree/downloaded_tools/pico/pico-sdk/src/common/pico_time/timeout_helper.c.obj
LOAD CMakeFiles/video_ram_replacement.dir/tree/downloaded_tools/pico/pico-sdk/src/rp2_common/hardware_timer/timer.c.obj
LOAD CMakeFiles/video_ram_replacement.dir/tree/downloaded_tools/pico/pico-sdk/src/common/pico_util/datetime.c.obj
LOAD CMakeFiles/video_ram_replacement.dir/tree/downloaded_tools/pico/pico-sdk/src/common/pico_util/pheap.c.obj
LOAD CMakeFiles/video_ram_replacement.dir/tree/downloaded_tools/pico/pico-sdk/src/common/pico_util/queue.c.obj
LOAD CMakeFiles/video_ram_replacement.dir/tree/downloaded_tools/pico/pico-sdk/src/common/pico_sync/mutex.c.obj
LOAD CMakeFiles/video_ram_replacement.dir/tree/downloaded_tools/pico/pico-sdk/src/common/pico_sync/critical_section.c.obj
LOAD CMakeFiles/video_ram_replacement.dir/tree/downloaded_tools/pico/pico-sdk/src/rp2_common/hardware_uart/uart.c.obj
LOAD CMakeFiles/video_ram_replacement.dir/tree/downloaded_tools/pico/pico-sdk/src/rp2_common/hardware_divider/divider.S.obj
LOAD CMakeFiles/video_ram_replacement.dir/tree/downloaded_tools/pico/pico-sdk/src/rp2_common/pico_runtime/runtime.c.obj
LOAD CMakeFiles/video_ram_replacement.dir/tree/downloaded_tools/pico/pico-sdk/src/rp2_common/hardware_clocks/clocks.c.obj
LOAD CMakeFiles/video_ram_replacement.dir/tree/downloaded_tools/pico/pico-sdk/src/rp2_common/hardware_pll/pll.c.obj
LOAD CMakeFiles/video_ram_replacement.dir/tree/downloaded_tools/pico/pico-sdk/src/rp2_common/hardware_vreg/vreg.c.obj
LOAD CMakeFiles/video_ram_replacement.dir/tree/downloaded_tools/pico/pico-sdk/src/rp2_common/hardware_watchdog/watchdog.c.obj
LOAD CMakeFiles/video_ram_replacement.dir/tree/downloaded_tools/pico/pico-sdk/src/rp2_common/hardware_xosc/xosc.c.obj
LOAD CMakeFiles/video_ram_replacement.dir/tree/downloaded_tools/pico/pico-sdk/src/rp2_common/pico_printf/printf.c.obj
LOAD CMakeFiles/video_ram_replacement.dir/tree/downloaded_tools/pico/pico-sdk/src/rp2_common/pico_bit_ops/bit_ops_aeabi.S.obj
LOAD CMakeFiles/video_ram_replacement.dir/tree/downloaded_tools/pico/pico-sdk/src/rp2_common/pico_bootrom/bootrom.c.obj
LOAD CMakeFiles/video_ram_replacement.dir/tree/downloaded_tools/pico/pico-sdk/src/rp2_common/pico_divider/divider.S.obj
LOAD CMakeFiles/video_ram_replacement.dir/tree/downloaded_tools/pico/pico-sdk/src/rp2_common/pico_double/double_aeabi.S.obj
LOAD CMakeFiles/video_ram_replacement.dir/tree/downloaded_tools/pico/pico-sdk/src/rp2_common/pico_double/double_init_rom.c.obj
LOAD CMakeFiles/video_ram_replacement.dir/tree/downloaded_tools/pico/pico-sdk/src/rp2_common/pico_double/double_math.c.obj
LOAD CMakeFiles/video_ram_replacement.dir/tree/downloaded_tools/pico/pico-sdk/src/rp2_common/pico_double/double_v1_rom_shim.S.obj
LOAD CMakeFiles/video_ram_replacement.dir/tree/downloaded_tools/pico/pico-sdk/src/rp2_common/pico_int64_ops/pico_int64_ops_aeabi.S.obj
LOAD CMakeFiles/video_ram_replacement.dir/tree/downloaded_tools/pico/pico-sdk/src/rp2_common/pico_float/float_aeabi.S.obj
LOAD CMakeFiles/video_ram_replacement.dir/tree/downloaded_tools/pico/pico-sdk/src/rp2_common/pico_float/float_init_rom.c.obj
LOAD CMakeFiles/video_ram_replacement.dir/tree/downloaded_tools/pico/pico-sdk/src/rp2_common/pico_float/float_math.c.obj
LOAD CMakeFiles/video_ram_replacement.dir/tree/downloaded_tools/pico/pico-sdk/src/rp2_common/pico_float/float_v1_rom_shim.S.obj
LOAD CMakeFiles/video_ram_replacement.dir/tree/downloaded_tools/pico/pico-sdk/src/rp2_common/pico_malloc/pico_malloc.c.obj
LOAD CMakeFiles/video_ram_replacement.dir/tree/downloaded_tools/pico/pico-sdk/src/rp2_common/pico_mem_ops/mem_ops_aeabi.S.obj
LOAD CMakeFiles/video_ram_replacement.dir/tree/downloaded_tools/pico/pico-sdk/src/rp2_common/pico_standard_link/crt0.S.obj
LOAD CMakeFiles/video_ram_replacement.dir/tree/downloaded_tools/pico/pico-sdk/src/rp2_common/pico_standard_link/new_delete.cpp.obj
LOAD CMakeFiles/video_ram_replacement.dir/tree/downloaded_tools/pico/pico-sdk/src/rp2_common/pico_standard_link/binary_info.c.obj
LOAD CMakeFiles/video_ram_replacement.dir/tree/downloaded_tools/pico/pico-sdk/src/rp2_common/pico_stdio/stdio.c.obj
LOAD CMakeFiles/video_ram_replacement.dir/tree/downloaded_tools/pico/pico-sdk/src/rp2_common/pico_stdio_uart/stdio_uart.c.obj
LOAD CMakeFiles/video_ram_replacement.dir/tree/downloaded_tools/pico/pico-sdk/src/rp2_common/pico_stdio_usb/reset_interface.c.obj
LOAD CMakeFiles/video_ram_replacement.dir/tree/downloaded_tools/pico/pico-sdk/src/rp2_common/pico_stdio_usb/stdio_usb.c.obj
LOAD CMakeFiles/video_ram_replacement.dir/tree/downloaded_tools/pico/pico-sdk/src/rp2_common/pico_stdio_usb/stdio_usb_descriptors.c.obj
LOAD CMakeFiles/video_ram_replacement.dir/tree/downloaded_tools/pico/pico-sdk/lib/tinyusb/src/portable/raspberrypi/rp2040/dcd_rp2040.c.obj
LOAD CMakeFiles/video_ram_replacement.dir/tree/downloaded_tools/pico/pico-sdk/lib/tinyusb/src/portable/raspberrypi/rp2040/rp2040_usb.c.obj
LOAD CMakeFiles/video_ram_replacement.dir/tree/downloaded_tools/pico/pico-sdk/lib/tinyusb/src/device/usbd.c.obj
LOAD CMakeFiles/video_ram_replacement.dir/tree/downloaded_tools/pico/pico-sdk/lib/tinyusb/src/device/usbd_control.c.obj
LOAD CMakeFiles/video_ram_replacement.dir/tree/downloaded_tools/pico/pico-sdk/lib/tinyusb/src/class/audio/audio_device.c.obj
LOAD CMakeFiles/video_ram_replacement.dir/tree/downloaded_tools/pico/pico-sdk/lib/tinyusb/src/class/cdc/cdc_device.c.obj
LOAD CMakeFiles/video_ram_replacement.dir/tree/downloaded_tools/pico/pico-sdk/lib/tinyusb/src/class/dfu/dfu_device.c.obj
LOAD CMakeFiles/video_ram_replacement.dir/tree/downloaded_tools/pico/pico-sdk/lib/tinyusb/src/class/dfu/dfu_rt_device.c.obj
LOAD CMakeFiles/video_ram_replacement.dir/tree/downloaded_tools/pico/pico-sdk/lib/tinyusb/src/class/hid/hid_device.c.obj
LOAD CMakeFiles/video_ram_replacement.dir/tree/downloaded_tools/pico/pico-sdk/lib/tinyusb/src/class/midi/midi_device.c.obj
LOAD CMakeFiles/video_ram_replacement.dir/tree/downloaded_tools/pico/pico-sdk/lib/tinyusb/src/class/msc/msc_device.c.obj
LOAD CMakeFiles/video_ram_replacement.dir/tree/downloaded_tools/pico/pico-sdk/lib/tinyusb/src/class/net/ecm_rndis_device.c.obj
LOAD CMakeFiles/video_ram_replacement.dir/tree/downloaded_tools/pico/pico-sdk/lib/tinyusb/src/class/net/ncm_device.c.obj
LOAD CMakeFiles/video_ram_replacement.dir/tree/downloaded_tools/pico/pico-sdk/lib/tinyusb/src/class/usbtmc/usbtmc_device.c.obj
LOAD CMakeFiles/video_ram_replacement.dir/tree/downloaded_tools/pico/pico-sdk/lib/tinyusb/src/class/vendor/vendor_device.c.obj
LOAD CMakeFiles/video_ram_replacement.dir/tree/downloaded_tools/pico/pico-sdk/lib/tinyusb/src/class/video/video_device.c.obj
LOAD CMakeFiles/video_ram_replacement.dir/tree/downloaded_tools/pico/pico-sdk/lib/tinyusb/src/tusb.c.obj
LOAD CMakeFiles/video_ram_replacement.dir/tree/downloaded_tools/pico/pico-sdk/lib/tinyusb/src/common/tusb_fifo.c.obj
LOAD CMakeFiles/video_ram_replacement.dir/tree/downloaded_tools/pico/pico-sdk/src/rp2_common/pico_fix/rp2040_usb_device_enumeration/rp2040_usb_device_enumeration.c.obj
LOAD CMakeFiles/video_ram_replacement.dir/tree/downloaded_tools/pico/pico-sdk/src/rp2_common/pico_unique_id/unique_id.c.obj
LOAD CMakeFiles/video_ram_replacement.dir/tree/downloaded_tools/pico/pico-sdk/src/rp2_common/hardware_flash/flash.c.obj
LOAD CMakeFiles/video_ram_replacement.dir/tree/downloaded_tools/pico/pico-sdk/src/rp2_common/hardware_pio/pio.c.obj
LOAD CMakeFiles/video_ram_replacement.dir/tree/downloaded_tools/pico/pico-sdk/src/rp2_common/hardware_adc/adc.c.obj
LOAD CMakeFiles/video_ram_replacement.dir/tree/downloaded_tools/pico/pico-extras/src/rp2_common/pico_sd_card/sd_card.c.obj
LOAD CMakeFiles/video_ram_replacement.dir/tree/downloaded_tools/pico/pico-sdk/src/rp2_common/hardware_dma/dma.c.obj
LOAD CMakeFiles/video_ram_replacement.dir/tree/downloaded_tools/pico/pico-sdk/src/rp2_common/pico_multicore/multicore.c.obj
LOAD CMakeFiles/video_ram_replacement.dir/tree/downloaded_tools/pico/ajm-no-OS-FatFS-SD-SPI-RPi-Pico/FatFs_SPI/ff14a/source/ffsystem.c.obj
LOAD CMakeFiles/video_ram_replacement.dir/tree/downloaded_tools/pico/ajm-no-OS-FatFS-SD-SPI-RPi-Pico/FatFs_SPI/ff14a/source/ffunicode.c.obj
LOAD CMakeFiles/video_ram_replacement.dir/tree/downloaded_tools/pico/ajm-no-OS-FatFS-SD-SPI-RPi-Pico/FatFs_SPI/ff14a/source/ff.c.obj
LOAD CMakeFiles/video_ram_replacement.dir/tree/downloaded_tools/pico/ajm-no-OS-FatFS-SD-SPI-RPi-Pico/FatFs_SPI/sd_driver/sd_spi.c.obj
LOAD CMakeFiles/video_ram_replacement.dir/tree/downloaded_tools/pico/ajm-no-OS-FatFS-SD-SPI-RPi-Pico/FatFs_SPI/sd_driver/demo_logging.c.obj
LOAD CMakeFiles/video_ram_replacement.dir/tree/downloaded_tools/pico/ajm-no-OS-FatFS-SD-SPI-RPi-Pico/FatFs_SPI/sd_driver/hw_config.c.obj
LOAD CMakeFiles/video_ram_replacement.dir/tree/downloaded_tools/pico/ajm-no-OS-FatFS-SD-SPI-RPi-Pico/FatFs_SPI/sd_driver/spi.c.obj
LOAD CMakeFiles/video_ram_replacement.dir/tree/downloaded_tools/pico/ajm-no-OS-FatFS-SD-SPI-RPi-Pico/FatFs_SPI/sd_driver/sd_card.c.obj
LOAD CMakeFiles/video_ram_replacement.dir/tree/downloaded_tools/pico/ajm-no-OS-FatFS-SD-SPI-RPi-Pico/FatFs_SPI/sd_driver/crc.c.obj
LOAD CMakeFiles/video_ram_replacement.dir/tree/downloaded_tools/pico/ajm-no-OS-FatFS-SD-SPI-RPi-Pico/FatFs_SPI/src/glue.c.obj
LOAD CMakeFiles/video_ram_replacement.dir/tree/downloaded_tools/pico/ajm-no-OS-FatFS-SD-SPI-RPi-Pico/FatFs_SPI/src/f_util.c.obj
LOAD CMakeFiles/video_ram_replacement.dir/tree/downloaded_tools/pico/ajm-no-OS-FatFS-SD-SPI-RPi-Pico/FatFs_SPI/src/ff_stdio.c.obj
LOAD CMakeFiles/video_ram_replacement.dir/tree/downloaded_tools/pico/ajm-no-OS-FatFS-SD-SPI-RPi-Pico/FatFs_SPI/src/my_debug.c.obj
LOAD CMakeFiles/video_ram_replacement.dir/tree/downloaded_tools/pico/ajm-no-OS-FatFS-SD-SPI-RPi-Pico/FatFs_SPI/src/rtc.c.obj
LOAD CMakeFiles/video_ram_replacement.dir/tree/downloaded_tools/pico/pico-sdk/src/rp2_common/hardware_spi/spi.c.obj
LOAD CMakeFiles/video_ram_replacement.dir/tree/downloaded_tools/pico/pico-sdk/src/rp2_common/hardware_rtc/rtc.c.obj
LOAD /tmp/cciJffRl.o
LOAD /usr/lib/gcc/arm-none-eabi/9.2.1/../../../arm-none-eabi/lib/thumb/v6-m/nofp/libstdc++.a
LOAD /usr/lib/gcc/arm-none-eabi/9.2.1/../../../arm-none-eabi/lib/thumb/v6-m/nofp/libm.a
START GROUP
LOAD /usr/lib/gcc/arm-none-eabi/9.2.1/thumb/v6-m/nofp/libgcc.a
LOAD /usr/lib/gcc/arm-none-eabi/9.2.1/../../../arm-none-eabi/lib/thumb/v6-m/nofp/libc.a
END GROUP
START GROUP
LOAD /usr/lib/gcc/arm-none-eabi/9.2.1/thumb/v6-m/nofp/libgcc.a
LOAD /usr/lib/gcc/arm-none-eabi/9.2.1/../../../arm-none-eabi/lib/thumb/v6-m/nofp/libc.a
LOAD /usr/lib/gcc/arm-none-eabi/9.2.1/../../../arm-none-eabi/lib/thumb/v6-m/nofp/libnosys.a
END GROUP
LOAD /usr/lib/gcc/arm-none-eabi/9.2.1/thumb/v6-m/nofp/crtend.o
LOAD /usr/lib/gcc/arm-none-eabi/9.2.1/thumb/v6-m/nofp/crtn.o
OUTPUT(video_ram_replacement.elf elf32-littlearm)
LOAD linker stubs

.ARM.attributes
                0x0000000000000000       0x28
 .ARM.attributes
                0x0000000000000000       0x1e /usr/lib/gcc/arm-none-eabi/9.2.1/thumb/v6-m/nofp/crti.o
 .ARM.attributes
                0x000000000000001e       0x2c /usr/lib/gcc/arm-none-eabi/9.2.1/thumb/v6-m/nofp/crtbegin.o
 .ARM.attributes
                0x000000000000004a       0x2c CMakeFiles/video_ram_replacement.dir/video_ram_replacement.c.obj
 .ARM.attributes
                0x0000000000000076       0x2c CMakeFiles/video_ram_replacement.dir/tree/downloaded_tools/pico/pico-sdk/src/rp2_common/hardware_gpio/gpio.c.obj
 .ARM.attributes
                0x00000000000000a2       0x2c CMakeFiles/video_ram_replacement.dir/tree/downloaded_tools/pico/pico-sdk/src/rp2_common/hardware_claim/claim.c.obj
 .ARM.attributes
                0x00000000000000ce       0x2c CMakeFiles/video_ram_replacement.dir/tree/downloaded_tools/pico/pico-sdk/src/rp2_common/pico_platform/platform.c.obj
 .ARM.attributes
                0x00000000000000fa       0x2c CMakeFiles/video_ram_replacement.dir/tree/downloaded_tools/pico/pico-sdk/src/rp2_common/hardware_sync/sync.c.obj
 .ARM.attributes
                0x0000000000000126       0x2c CMakeFiles/video_ram_replacement.dir/tree/downloaded_tools/pico/pico-sdk/src/rp2_common/hardware_irq/irq.c.obj
 .ARM.attributes
                0x0000000000000152       0x22 CMakeFiles/video_ram_replacement.dir/tree/downloaded_tools/pico/pico-sdk/src/rp2_common/hardware_irq/irq_handler_chain.S.obj
 .ARM.attributes
                0x0000000000000174       0x2c CMakeFiles/video_ram_replacement.dir/tree/downloaded_tools/pico/pico-sdk/src/common/pico_sync/lock_core.c.obj
 .ARM.attributes
                0x00000000000001a0       0x2c CMakeFiles/video_ram_replacement.dir/tree/downloaded_tools/pico/pico-sdk/src/common/pico_time/time.c.obj
 .ARM.attributes
                0x00000000000001cc       0x2c CMakeFiles/video_ram_replacement.dir/tree/downloaded_tools/pico/pico-sdk/src/rp2_common/hardware_timer/timer.c.obj
 .ARM.attributes
                0x00000000000001f8       0x2c CMakeFiles/video_ram_replacement.dir/tree/downloaded_tools/pico/pico-sdk/src/common/pico_util/pheap.c.obj
 .ARM.attributes
                0x0000000000000224       0x2c CMakeFiles/video_ram_replacement.dir/tree/downloaded_tools/pico/pico-sdk/src/common/pico_sync/mutex.c.obj
 .ARM.attributes
                0x0000000000000250       0x2c CMakeFiles/video_ram_replacement.dir/tree/downloaded_tools/pico/pico-sdk/src/rp2_common/pico_runtime/runtime.c.obj
 .ARM.attributes
                0x000000000000027c       0x2c CMakeFiles/video_ram_replacement.dir/tree/downloaded_tools/pico/pico-sdk/src/rp2_common/hardware_clocks/clocks.c.obj
 .ARM.attributes
                0x00000000000002a8       0x2c CMakeFiles/video_ram_replacement.dir/tree/downloaded_tools/pico/pico-sdk/src/rp2_common/hardware_pll/pll.c.obj
 .ARM.attributes
                0x00000000000002d4       0x2c CMakeFiles/video_ram_replacement.dir/tree/downloaded_tools/pico/pico-sdk/src/rp2_common/hardware_watchdog/watchdog.c.obj
 .ARM.attributes
                0x0000000000000300       0x2c CMakeFiles/video_ram_replacement.dir/tree/downloaded_tools/pico/pico-sdk/src/rp2_common/hardware_xosc/xosc.c.obj
 .ARM.attributes
                0x000000000000032c       0x2c CMakeFiles/video_ram_replacement.dir/tree/downloaded_tools/pico/pico-sdk/src/rp2_common/pico_printf/printf.c.obj
 .ARM.attributes
                0x0000000000000358       0x22 CMakeFiles/video_ram_replacement.dir/tree/downloaded_tools/pico/pico-sdk/src/rp2_common/pico_bit_ops/bit_ops_aeabi.S.obj
 .ARM.attributes
                0x000000000000037a       0x2c CMakeFiles/video_ram_replacement.dir/tree/downloaded_tools/pico/pico-sdk/src/rp2_common/pico_bootrom/bootrom.c.obj
 .ARM.attributes
                0x00000000000003a6       0x22 CMakeFiles/video_ram_replacement.dir/tree/downloaded_tools/pico/pico-sdk/src/rp2_common/pico_divider/divider.S.obj
 .ARM.attributes
                0x00000000000003c8       0x22 CMakeFiles/video_ram_replacement.dir/tree/downloaded_tools/pico/pico-sdk/src/rp2_common/pico_double/double_aeabi.S.obj
 .ARM.attributes
                0x00000000000003ea       0x2c CMakeFiles/video_ram_replacement.dir/tree/downloaded_tools/pico/pico-sdk/src/rp2_common/pico_double/double_init_rom.c.obj
 .ARM.attributes
                0x0000000000000416       0x22 CMakeFiles/video_ram_replacement.dir/tree/downloaded_tools/pico/pico-sdk/src/rp2_common/pico_double/double_v1_rom_shim.S.obj
 .ARM.attributes
                0x0000000000000438       0x22 CMakeFiles/video_ram_replacement.dir/tree/downloaded_tools/pico/pico-sdk/src/rp2_common/pico_float/float_aeabi.S.obj
 .ARM.attributes
                0x000000000000045a       0x2c CMakeFiles/video_ram_replacement.dir/tree/downloaded_tools/pico/pico-sdk/src/rp2_common/pico_float/float_init_rom.c.obj
 .ARM.attributes
                0x0000000000000486       0x22 CMakeFiles/video_ram_replacement.dir/tree/downloaded_tools/pico/pico-sdk/src/rp2_common/pico_float/float_v1_rom_shim.S.obj
 .ARM.attributes
                0x00000000000004a8       0x2c CMakeFiles/video_ram_replacement.dir/tree/downloaded_tools/pico/pico-sdk/src/rp2_common/pico_malloc/pico_malloc.c.obj
 .ARM.attributes
                0x00000000000004d4       0x22 CMakeFiles/video_ram_replacement.dir/tree/downloaded_tools/pico/pico-sdk/src/rp2_common/pico_mem_ops/mem_ops_aeabi.S.obj
 .ARM.attributes
                0x00000000000004f6       0x22 CMakeFiles/video_ram_replacement.dir/tree/downloaded_tools/pico/pico-sdk/src/rp2_common/pico_standard_link/crt0.S.obj
 .ARM.attributes
                0x0000000000000518       0x32 CMakeFiles/video_ram_replacement.dir/tree/downloaded_tools/pico/pico-sdk/src/rp2_common/pico_standard_link/binary_info.c.obj
 .ARM.attributes
                0x000000000000054a       0x2c CMakeFiles/video_ram_replacement.dir/tree/downloaded_tools/pico/pico-sdk/src/rp2_common/pico_stdio/stdio.c.obj
 .ARM.attributes
                0x0000000000000576       0x2c CMakeFiles/video_ram_replacement.dir/tree/downloaded_tools/pico/pico-sdk/src/rp2_common/pico_unique_id/unique_id.c.obj
 .ARM.attributes
                0x00000000000005a2       0x2c CMakeFiles/video_ram_replacement.dir/tree/downloaded_tools/pico/pico-sdk/src/rp2_common/hardware_flash/flash.c.obj
 .ARM.attributes
                0x00000000000005ce       0x22 /tmp/cciJffRl.o
 .ARM.attributes
                0x00000000000005f0       0x1e /usr/lib/gcc/arm-none-eabi/9.2.1/thumb/v6-m/nofp/libgcc.a(_dvmd_tls.o)
 .ARM.attributes
                0x000000000000060e       0x2c /usr/lib/gcc/arm-none-eabi/9.2.1/../../../arm-none-eabi/lib/thumb/v6-m/nofp/libc.a(lib_a-strlen-stub.o)
 .ARM.attributes
                0x000000000000063a       0x2c /usr/lib/gcc/arm-none-eabi/9.2.1/thumb/v6-m/nofp/crtend.o

.comment        0x0000000000000000       0xa7
 .comment       0x0000000000000000       0x59 /usr/lib/gcc/arm-none-eabi/9.2.1/thumb/v6-m/nofp/crtbegin.o
                                         0x5a (size before relaxing)
 .comment       0x0000000000000059       0x5a CMakeFiles/video_ram_replacement.dir/video_ram_replacement.c.obj
 .comment       0x0000000000000059       0x5a CMakeFiles/video_ram_replacement.dir/tree/downloaded_tools/pico/pico-sdk/src/rp2_common/hardware_gpio/gpio.c.obj
 .comment       0x0000000000000059       0x5a CMakeFiles/video_ram_replacement.dir/tree/downloaded_tools/pico/pico-sdk/src/rp2_common/hardware_claim/claim.c.obj
 .comment       0x0000000000000059       0x5a CMakeFiles/video_ram_replacement.dir/tree/downloaded_tools/pico/pico-sdk/src/rp2_common/pico_platform/platform.c.obj
 .comment       0x0000000000000059       0x5a CMakeFiles/video_ram_replacement.dir/tree/downloaded_tools/pico/pico-sdk/src/rp2_common/hardware_sync/sync.c.obj
 .comment       0x0000000000000059       0x5a CMakeFiles/video_ram_replacement.dir/tree/downloaded_tools/pico/pico-sdk/src/rp2_common/hardware_irq/irq.c.obj
 .comment       0x0000000000000059       0x5a CMakeFiles/video_ram_replacement.dir/tree/downloaded_tools/pico/pico-sdk/src/common/pico_sync/lock_core.c.obj
 .comment       0x0000000000000059       0x5a CMakeFiles/video_ram_replacement.dir/tree/downloaded_tools/pico/pico-sdk/src/common/pico_time/time.c.obj
 .comment       0x0000000000000059       0x5a CMakeFiles/video_ram_replacement.dir/tree/downloaded_tools/pico/pico-sdk/src/rp2_common/hardware_timer/timer.c.obj
 .comment       0x0000000000000059       0x5a CMakeFiles/video_ram_replacement.dir/tree/downloaded_tools/pico/pico-sdk/src/common/pico_util/pheap.c.obj
 .comment       0x0000000000000059       0x5a CMakeFiles/video_ram_replacement.dir/tree/downloaded_tools/pico/pico-sdk/src/common/pico_sync/mutex.c.obj
 .comment       0x0000000000000059       0x5a CMakeFiles/video_ram_replacement.dir/tree/downloaded_tools/pico/pico-sdk/src/rp2_common/pico_runtime/runtime.c.obj
 .comment       0x0000000000000059       0x5a CMakeFiles/video_ram_replacement.dir/tree/downloaded_tools/pico/pico-sdk/src/rp2_common/hardware_clocks/clocks.c.obj
 .comment       0x0000000000000059       0x5a CMakeFiles/video_ram_replacement.dir/tree/downloaded_tools/pico/pico-sdk/src/rp2_common/hardware_pll/pll.c.obj
 .comment       0x0000000000000059       0x5a CMakeFiles/video_ram_replacement.dir/tree/downloaded_tools/pico/pico-sdk/src/rp2_common/hardware_watchdog/watchdog.c.obj
 .comment       0x0000000000000059       0x5a CMakeFiles/video_ram_replacement.dir/tree/downloaded_tools/pico/pico-sdk/src/rp2_common/hardware_xosc/xosc.c.obj
 .comment       0x0000000000000059       0x5a CMakeFiles/video_ram_replacement.dir/tree/downloaded_tools/pico/pico-sdk/src/rp2_common/pico_printf/printf.c.obj
 .comment       0x0000000000000059       0x5a CMakeFiles/video_ram_replacement.dir/tree/downloaded_tools/pico/pico-sdk/src/rp2_common/pico_bootrom/bootrom.c.obj
 .comment       0x0000000000000059       0x5a CMakeFiles/video_ram_replacement.dir/tree/downloaded_tools/pico/pico-sdk/src/rp2_common/pico_double/double_init_rom.c.obj
 .comment       0x0000000000000059       0x5a CMakeFiles/video_ram_replacement.dir/tree/downloaded_tools/pico/pico-sdk/src/rp2_common/pico_float/float_init_rom.c.obj
 .comment       0x0000000000000059       0x5a CMakeFiles/video_ram_replacement.dir/tree/downloaded_tools/pico/pico-sdk/src/rp2_common/pico_malloc/pico_malloc.c.obj
 .comment       0x0000000000000059       0x5a CMakeFiles/video_ram_replacement.dir/tree/downloaded_tools/pico/pico-sdk/src/rp2_common/pico_standard_link/binary_info.c.obj
 .comment       0x0000000000000059       0x5a CMakeFiles/video_ram_replacement.dir/tree/downloaded_tools/pico/pico-sdk/src/rp2_common/pico_stdio/stdio.c.obj
 .comment       0x0000000000000059       0x5a CMakeFiles/video_ram_replacement.dir/tree/downloaded_tools/pico/pico-sdk/src/rp2_common/pico_unique_id/unique_id.c.obj
 .comment       0x0000000000000059       0x5a CMakeFiles/video_ram_replacement.dir/tree/downloaded_tools/pico/pico-sdk/src/rp2_common/hardware_flash/flash.c.obj
 .comment       0x0000000000000059       0x4e /usr/lib/gcc/arm-none-eabi/9.2.1/../../../arm-none-eabi/lib/thumb/v6-m/nofp/libc.a(lib_a-strlen-stub.o)
                                         0x4f (size before relaxing)
 .comment       0x00000000000000a7       0x5a /usr/lib/gcc/arm-none-eabi/9.2.1/thumb/v6-m/nofp/crtend.o

.debug_info     0x0000000000000000    0x1d306
 .debug_info    0x0000000000000000     0x1575 CMakeFiles/video_ram_replacement.dir/video_ram_replacement.c.obj
 .debug_info    0x0000000000001575     0x1bf4 CMakeFiles/video_ram_replacement.dir/tree/downloaded_tools/pico/pico-sdk/src/rp2_common/hardware_gpio/gpio.c.obj
 .debug_info    0x0000000000003169      0xa1f CMakeFiles/video_ram_replacement.dir/tree/downloaded_tools/pico/pico-sdk/src/rp2_common/hardware_claim/claim.c.obj
 .debug_info    0x0000000000003b88      0x135 CMakeFiles/video_ram_replacement.dir/tree/downloaded_tools/pico/pico-sdk/src/rp2_common/pico_platform/platform.c.obj
 .debug_info    0x0000000000003cbd      0x511 CMakeFiles/video_ram_replacement.dir/tree/downloaded_tools/pico/pico-sdk/src/rp2_common/hardware_sync/sync.c.obj
 .debug_info    0x00000000000041ce     0x1dbc CMakeFiles/video_ram_replacement.dir/tree/downloaded_tools/pico/pico-sdk/src/rp2_common/hardware_irq/irq.c.obj
 .debug_info    0x0000000000005f8a      0x17d CMakeFiles/video_ram_replacement.dir/tree/downloaded_tools/pico/pico-sdk/src/common/pico_sync/lock_core.c.obj
 .debug_info    0x0000000000006107     0x4b68 CMakeFiles/video_ram_replacement.dir/tree/downloaded_tools/pico/pico-sdk/src/common/pico_time/time.c.obj
 .debug_info    0x000000000000ac6f     0x123c CMakeFiles/video_ram_replacement.dir/tree/downloaded_tools/pico/pico-sdk/src/rp2_common/hardware_timer/timer.c.obj
 .debug_info    0x000000000000beab     0x1ec7 CMakeFiles/video_ram_replacement.dir/tree/downloaded_tools/pico/pico-sdk/src/common/pico_util/pheap.c.obj
 .debug_info    0x000000000000dd72     0x23d4 CMakeFiles/video_ram_replacement.dir/tree/downloaded_tools/pico/pico-sdk/src/common/pico_sync/mutex.c.obj
 .debug_info    0x0000000000010146     0x132e CMakeFiles/video_ram_replacement.dir/tree/downloaded_tools/pico/pico-sdk/src/rp2_common/pico_runtime/runtime.c.obj
 .debug_info    0x0000000000011474     0x1d69 CMakeFiles/video_ram_replacement.dir/tree/downloaded_tools/pico/pico-sdk/src/rp2_common/hardware_clocks/clocks.c.obj
 .debug_info    0x00000000000131dd      0x3e6 CMakeFiles/video_ram_replacement.dir/tree/downloaded_tools/pico/pico-sdk/src/rp2_common/hardware_pll/pll.c.obj
 .debug_info    0x00000000000135c3     0x10e5 CMakeFiles/video_ram_replacement.dir/tree/downloaded_tools/pico/pico-sdk/src/rp2_common/hardware_watchdog/watchdog.c.obj
 .debug_info    0x00000000000146a8      0x1bc CMakeFiles/video_ram_replacement.dir/tree/downloaded_tools/pico/pico-sdk/src/rp2_common/hardware_xosc/xosc.c.obj
 .debug_info    0x0000000000014864     0x270d CMakeFiles/video_ram_replacement.dir/tree/downloaded_tools/pico/pico-sdk/src/rp2_common/pico_printf/printf.c.obj
 .debug_info    0x0000000000016f71      0x2bf CMakeFiles/video_ram_replacement.dir/tree/downloaded_tools/pico/pico-sdk/src/rp2_common/pico_bootrom/bootrom.c.obj
 .debug_info    0x0000000000017230      0xa7d CMakeFiles/video_ram_replacement.dir/tree/downloaded_tools/pico/pico-sdk/src/rp2_common/pico_double/double_init_rom.c.obj
 .debug_info    0x0000000000017cad      0xaaa CMakeFiles/video_ram_replacement.dir/tree/downloaded_tools/pico/pico-sdk/src/rp2_common/pico_float/float_init_rom.c.obj
 .debug_info    0x0000000000018757      0xd81 CMakeFiles/video_ram_replacement.dir/tree/downloaded_tools/pico/pico-sdk/src/rp2_common/pico_malloc/pico_malloc.c.obj
 .debug_info    0x00000000000194d8      0x2f7 CMakeFiles/video_ram_replacement.dir/tree/downloaded_tools/pico/pico-sdk/src/rp2_common/pico_standard_link/binary_info.c.obj
 .debug_info    0x00000000000197cf     0x2115 CMakeFiles/video_ram_replacement.dir/tree/downloaded_tools/pico/pico-sdk/src/rp2_common/pico_stdio/stdio.c.obj
 .debug_info    0x000000000001b8e4      0x1e4 CMakeFiles/video_ram_replacement.dir/tree/downloaded_tools/pico/pico-sdk/src/rp2_common/pico_unique_id/unique_id.c.obj
 .debug_info    0x000000000001bac8      0xea5 CMakeFiles/video_ram_replacement.dir/tree/downloaded_tools/pico/pico-sdk/src/rp2_common/hardware_flash/flash.c.obj
 .debug_info    0x000000000001c96d       0x26 /usr/lib/gcc/arm-none-eabi/9.2.1/thumb/v6-m/nofp/libgcc.a(_dvmd_tls.o)
 .debug_info    0x000000000001c993      0x973 /usr/lib/gcc/arm-none-eabi/9.2.1/../../../arm-none-eabi/lib/thumb/v6-m/nofp/libc.a(lib_a-strlen-stub.o)

.debug_abbrev   0x0000000000000000     0x524d
 .debug_abbrev  0x0000000000000000      0x493 CMakeFiles/video_ram_replacement.dir/video_ram_replacement.c.obj
 .debug_abbrev  0x0000000000000493      0x3ab CMakeFiles/video_ram_replacement.dir/tree/downloaded_tools/pico/pico-sdk/src/rp2_common/hardware_gpio/gpio.c.obj
 .debug_abbrev  0x000000000000083e      0x2e6 CMakeFiles/video_ram_replacement.dir/tree/downloaded_tools/pico/pico-sdk/src/rp2_common/hardware_claim/claim.c.obj
 .debug_abbrev  0x0000000000000b24       0x95 CMakeFiles/video_ram_replacement.dir/tree/downloaded_tools/pico/pico-sdk/src/rp2_common/pico_platform/platform.c.obj
 .debug_abbrev  0x0000000000000bb9      0x227 CMakeFiles/video_ram_replacement.dir/tree/downloaded_tools/pico/pico-sdk/src/rp2_common/hardware_sync/sync.c.obj
 .debug_abbrev  0x0000000000000de0      0x4e2 CMakeFiles/video_ram_replacement.dir/tree/downloaded_tools/pico/pico-sdk/src/rp2_common/hardware_irq/irq.c.obj
 .debug_abbrev  0x00000000000012c2      0x108 CMakeFiles/video_ram_replacement.dir/tree/downloaded_tools/pico/pico-sdk/src/common/pico_sync/lock_core.c.obj
 .debug_abbrev  0x00000000000013ca      0x6e0 CMakeFiles/video_ram_replacement.dir/tree/downloaded_tools/pico/pico-sdk/src/common/pico_time/time.c.obj
 .debug_abbrev  0x0000000000001aaa      0x3dd CMakeFiles/video_ram_replacement.dir/tree/downloaded_tools/pico/pico-sdk/src/rp2_common/hardware_timer/timer.c.obj
 .debug_abbrev  0x0000000000001e87      0x417 CMakeFiles/video_ram_replacement.dir/tree/downloaded_tools/pico/pico-sdk/src/common/pico_util/pheap.c.obj
 .debug_abbrev  0x000000000000229e      0x3b1 CMakeFiles/video_ram_replacement.dir/tree/downloaded_tools/pico/pico-sdk/src/common/pico_sync/mutex.c.obj
 .debug_abbrev  0x000000000000264f      0x4fd CMakeFiles/video_ram_replacement.dir/tree/downloaded_tools/pico/pico-sdk/src/rp2_common/pico_runtime/runtime.c.obj
 .debug_abbrev  0x0000000000002b4c      0x499 CMakeFiles/video_ram_replacement.dir/tree/downloaded_tools/pico/pico-sdk/src/rp2_common/hardware_clocks/clocks.c.obj
 .debug_abbrev  0x0000000000002fe5      0x1bd CMakeFiles/video_ram_replacement.dir/tree/downloaded_tools/pico/pico-sdk/src/rp2_common/hardware_pll/pll.c.obj
 .debug_abbrev  0x00000000000031a2      0x348 CMakeFiles/video_ram_replacement.dir/tree/downloaded_tools/pico/pico-sdk/src/rp2_common/hardware_watchdog/watchdog.c.obj
 .debug_abbrev  0x00000000000034ea      0x107 CMakeFiles/video_ram_replacement.dir/tree/downloaded_tools/pico/pico-sdk/src/rp2_common/hardware_xosc/xosc.c.obj
 .debug_abbrev  0x00000000000035f1      0x59f CMakeFiles/video_ram_replacement.dir/tree/downloaded_tools/pico/pico-sdk/src/rp2_common/pico_printf/printf.c.obj
 .debug_abbrev  0x0000000000003b90      0x175 CMakeFiles/video_ram_replacement.dir/tree/downloaded_tools/pico/pico-sdk/src/rp2_common/pico_bootrom/bootrom.c.obj
 .debug_abbrev  0x0000000000003d05      0x297 CMakeFiles/video_ram_replacement.dir/tree/downloaded_tools/pico/pico-sdk/src/rp2_common/pico_double/double_init_rom.c.obj
 .debug_abbrev  0x0000000000003f9c      0x2ac CMakeFiles/video_ram_replacement.dir/tree/downloaded_tools/pico/pico-sdk/src/rp2_common/pico_float/float_init_rom.c.obj
 .debug_abbrev  0x0000000000004248      0x306 CMakeFiles/video_ram_replacement.dir/tree/downloaded_tools/pico/pico-sdk/src/rp2_common/pico_malloc/pico_malloc.c.obj
 .debug_abbrev  0x000000000000454e       0xad CMakeFiles/video_ram_replacement.dir/tree/downloaded_tools/pico/pico-sdk/src/rp2_common/pico_standard_link/binary_info.c.obj
 .debug_abbrev  0x00000000000045fb      0x627 CMakeFiles/video_ram_replacement.dir/tree/downloaded_tools/pico/pico-sdk/src/rp2_common/pico_stdio/stdio.c.obj
 .debug_abbrev  0x0000000000004c22      0x14d CMakeFiles/video_ram_replacement.dir/tree/downloaded_tools/pico/pico-sdk/src/rp2_common/pico_unique_id/unique_id.c.obj
 .debug_abbrev  0x0000000000004d6f      0x2e2 CMakeFiles/video_ram_replacement.dir/tree/downloaded_tools/pico/pico-sdk/src/rp2_common/hardware_flash/flash.c.obj
 .debug_abbrev  0x0000000000005051       0x14 /usr/lib/gcc/arm-none-eabi/9.2.1/thumb/v6-m/nofp/libgcc.a(_dvmd_tls.o)
 .debug_abbrev  0x0000000000005065      0x1e8 /usr/lib/gcc/arm-none-eabi/9.2.1/../../../arm-none-eabi/lib/thumb/v6-m/nofp/libc.a(lib_a-strlen-stub.o)

.debug_loc      0x0000000000000000    0x15d7b
 .debug_loc     0x0000000000000000      0xb78 CMakeFiles/video_ram_replacement.dir/video_ram_replacement.c.obj
 .debug_loc     0x0000000000000b78     0x21a8 CMakeFiles/video_ram_replacement.dir/tree/downloaded_tools/pico/pico-sdk/src/rp2_common/hardware_gpio/gpio.c.obj
 .debug_loc     0x0000000000002d20      0x708 CMakeFiles/video_ram_replacement.dir/tree/downloaded_tools/pico/pico-sdk/src/rp2_common/hardware_claim/claim.c.obj
 .debug_loc     0x0000000000003428       0x73 CMakeFiles/video_ram_replacement.dir/tree/downloaded_tools/pico/pico-sdk/src/rp2_common/pico_platform/platform.c.obj
 .debug_loc     0x000000000000349b      0x209 CMakeFiles/video_ram_replacement.dir/tree/downloaded_tools/pico/pico-sdk/src/rp2_common/hardware_sync/sync.c.obj
 .debug_loc     0x00000000000036a4     0x1738 CMakeFiles/video_ram_replacement.dir/tree/downloaded_tools/pico/pico-sdk/src/rp2_common/hardware_irq/irq.c.obj
 .debug_loc     0x0000000000004ddc       0x4d CMakeFiles/video_ram_replacement.dir/tree/downloaded_tools/pico/pico-sdk/src/common/pico_sync/lock_core.c.obj
 .debug_loc     0x0000000000004e29     0x3e6b CMakeFiles/video_ram_replacement.dir/tree/downloaded_tools/pico/pico-sdk/src/common/pico_time/time.c.obj
 .debug_loc     0x0000000000008c94      0xd3d CMakeFiles/video_ram_replacement.dir/tree/downloaded_tools/pico/pico-sdk/src/rp2_common/hardware_timer/timer.c.obj
 .debug_loc     0x00000000000099d1     0x17ca CMakeFiles/video_ram_replacement.dir/tree/downloaded_tools/pico/pico-sdk/src/common/pico_util/pheap.c.obj
 .debug_loc     0x000000000000b19b     0x187f CMakeFiles/video_ram_replacement.dir/tree/downloaded_tools/pico/pico-sdk/src/common/pico_sync/mutex.c.obj
 .debug_loc     0x000000000000ca1a      0x4b6 CMakeFiles/video_ram_replacement.dir/tree/downloaded_tools/pico/pico-sdk/src/rp2_common/pico_runtime/runtime.c.obj
 .debug_loc     0x000000000000ced0     0x1dbe CMakeFiles/video_ram_replacement.dir/tree/downloaded_tools/pico/pico-sdk/src/rp2_common/hardware_clocks/clocks.c.obj
 .debug_loc     0x000000000000ec8e      0x2fa CMakeFiles/video_ram_replacement.dir/tree/downloaded_tools/pico/pico-sdk/src/rp2_common/hardware_pll/pll.c.obj
 .debug_loc     0x000000000000ef88      0x699 CMakeFiles/video_ram_replacement.dir/tree/downloaded_tools/pico/pico-sdk/src/rp2_common/hardware_watchdog/watchdog.c.obj
 .debug_loc     0x000000000000f621       0x71 CMakeFiles/video_ram_replacement.dir/tree/downloaded_tools/pico/pico-sdk/src/rp2_common/hardware_xosc/xosc.c.obj
 .debug_loc     0x000000000000f692     0x3e5d CMakeFiles/video_ram_replacement.dir/tree/downloaded_tools/pico/pico-sdk/src/rp2_common/pico_printf/printf.c.obj
 .debug_loc     0x00000000000134ef      0x25c CMakeFiles/video_ram_replacement.dir/tree/downloaded_tools/pico/pico-sdk/src/rp2_common/pico_bootrom/bootrom.c.obj
 .debug_loc     0x000000000001374b       0x84 CMakeFiles/video_ram_replacement.dir/tree/downloaded_tools/pico/pico-sdk/src/rp2_common/pico_double/double_init_rom.c.obj
 .debug_loc     0x00000000000137cf      0x10f CMakeFiles/video_ram_replacement.dir/tree/downloaded_tools/pico/pico-sdk/src/rp2_common/pico_float/float_init_rom.c.obj
 .debug_loc     0x00000000000138de      0x2dc CMakeFiles/video_ram_replacement.dir/tree/downloaded_tools/pico/pico-sdk/src/rp2_common/pico_malloc/pico_malloc.c.obj
 .debug_loc     0x0000000000013bba     0x10e1 CMakeFiles/video_ram_replacement.dir/tree/downloaded_tools/pico/pico-sdk/src/rp2_common/pico_stdio/stdio.c.obj
 .debug_loc     0x0000000000014c9b      0x531 CMakeFiles/video_ram_replacement.dir/tree/downloaded_tools/pico/pico-sdk/src/rp2_common/pico_unique_id/unique_id.c.obj
 .debug_loc     0x00000000000151cc      0xb0c CMakeFiles/video_ram_replacement.dir/tree/downloaded_tools/pico/pico-sdk/src/rp2_common/hardware_flash/flash.c.obj
 .debug_loc     0x0000000000015cd8       0xa3 /usr/lib/gcc/arm-none-eabi/9.2.1/../../../arm-none-eabi/lib/thumb/v6-m/nofp/libc.a(lib_a-strlen-stub.o)

.debug_aranges  0x0000000000000000      0x940
 .debug_aranges
                0x0000000000000000       0x38 CMakeFiles/video_ram_replacement.dir/video_ram_replacement.c.obj
 .debug_aranges
                0x0000000000000038       0xf8 CMakeFiles/video_ram_replacement.dir/tree/downloaded_tools/pico/pico-sdk/src/rp2_common/hardware_gpio/gpio.c.obj
 .debug_aranges
                0x0000000000000130       0x48 CMakeFiles/video_ram_replacement.dir/tree/downloaded_tools/pico/pico-sdk/src/rp2_common/hardware_claim/claim.c.obj
 .debug_aranges
                0x0000000000000178       0x28 CMakeFiles/video_ram_replacement.dir/tree/downloaded_tools/pico/pico-sdk/src/rp2_common/pico_platform/platform.c.obj
 .debug_aranges
                0x00000000000001a0       0x58 CMakeFiles/video_ram_replacement.dir/tree/downloaded_tools/pico/pico-sdk/src/rp2_common/hardware_sync/sync.c.obj
 .debug_aranges
                0x00000000000001f8       0xa8 CMakeFiles/video_ram_replacement.dir/tree/downloaded_tools/pico/pico-sdk/src/rp2_common/hardware_irq/irq.c.obj
 .debug_aranges
                0x00000000000002a0       0x20 CMakeFiles/video_ram_replacement.dir/tree/downloaded_tools/pico/pico-sdk/src/common/pico_sync/lock_core.c.obj
 .debug_aranges
                0x00000000000002c0       0xc0 CMakeFiles/video_ram_replacement.dir/tree/downloaded_tools/pico/pico-sdk/src/common/pico_time/time.c.obj
 .debug_aranges
                0x0000000000000380       0x78 CMakeFiles/video_ram_replacement.dir/tree/downloaded_tools/pico/pico-sdk/src/rp2_common/hardware_timer/timer.c.obj
 .debug_aranges
                0x00000000000003f8       0x70 CMakeFiles/video_ram_replacement.dir/tree/downloaded_tools/pico/pico-sdk/src/common/pico_util/pheap.c.obj
 .debug_aranges
                0x0000000000000468       0x88 CMakeFiles/video_ram_replacement.dir/tree/downloaded_tools/pico/pico-sdk/src/common/pico_sync/mutex.c.obj
 .debug_aranges
                0x00000000000004f0       0x60 CMakeFiles/video_ram_replacement.dir/tree/downloaded_tools/pico/pico-sdk/src/rp2_common/pico_runtime/runtime.c.obj
 .debug_aranges
                0x0000000000000550       0x68 CMakeFiles/video_ram_replacement.dir/tree/downloaded_tools/pico/pico-sdk/src/rp2_common/hardware_clocks/clocks.c.obj
 .debug_aranges
                0x00000000000005b8       0x28 CMakeFiles/video_ram_replacement.dir/tree/downloaded_tools/pico/pico-sdk/src/rp2_common/hardware_pll/pll.c.obj
 .debug_aranges
                0x00000000000005e0       0x58 CMakeFiles/video_ram_replacement.dir/tree/downloaded_tools/pico/pico-sdk/src/rp2_common/hardware_watchdog/watchdog.c.obj
 .debug_aranges
                0x0000000000000638       0x30 CMakeFiles/video_ram_replacement.dir/tree/downloaded_tools/pico/pico-sdk/src/rp2_common/hardware_xosc/xosc.c.obj
 .debug_aranges
                0x0000000000000668       0x90 CMakeFiles/video_ram_replacement.dir/tree/downloaded_tools/pico/pico-sdk/src/rp2_common/pico_printf/printf.c.obj
 .debug_aranges
                0x00000000000006f8       0x30 CMakeFiles/video_ram_replacement.dir/tree/downloaded_tools/pico/pico-sdk/src/rp2_common/pico_bootrom/bootrom.c.obj
 .debug_aranges
                0x0000000000000728       0x20 CMakeFiles/video_ram_replacement.dir/tree/downloaded_tools/pico/pico-sdk/src/rp2_common/pico_double/double_init_rom.c.obj
 .debug_aranges
                0x0000000000000748       0x20 CMakeFiles/video_ram_replacement.dir/tree/downloaded_tools/pico/pico-sdk/src/rp2_common/pico_float/float_init_rom.c.obj
 .debug_aranges
                0x0000000000000768       0x38 CMakeFiles/video_ram_replacement.dir/tree/downloaded_tools/pico/pico-sdk/src/rp2_common/pico_malloc/pico_malloc.c.obj
 .debug_aranges
                0x00000000000007a0       0x18 CMakeFiles/video_ram_replacement.dir/tree/downloaded_tools/pico/pico-sdk/src/rp2_common/pico_standard_link/binary_info.c.obj
 .debug_aranges
                0x00000000000007b8       0xc0 CMakeFiles/video_ram_replacement.dir/tree/downloaded_tools/pico/pico-sdk/src/rp2_common/pico_stdio/stdio.c.obj
 .debug_aranges
                0x0000000000000878       0x30 CMakeFiles/video_ram_replacement.dir/tree/downloaded_tools/pico/pico-sdk/src/rp2_common/pico_unique_id/unique_id.c.obj
 .debug_aranges
                0x00000000000008a8       0x58 CMakeFiles/video_ram_replacement.dir/tree/downloaded_tools/pico/pico-sdk/src/rp2_common/hardware_flash/flash.c.obj
 .debug_aranges
                0x0000000000000900       0x20 /usr/lib/gcc/arm-none-eabi/9.2.1/thumb/v6-m/nofp/libgcc.a(_dvmd_tls.o)
 .debug_aranges
                0x0000000000000920       0x20 /usr/lib/gcc/arm-none-eabi/9.2.1/../../../arm-none-eabi/lib/thumb/v6-m/nofp/libc.a(lib_a-strlen-stub.o)

.debug_ranges   0x0000000000000000     0x6c80
 .debug_ranges  0x0000000000000000      0x3b8 CMakeFiles/video_ram_replacement.dir/video_ram_replacement.c.obj
 .debug_ranges  0x00000000000003b8      0xa98 CMakeFiles/video_ram_replacement.dir/tree/downloaded_tools/pico/pico-sdk/src/rp2_common/hardware_gpio/gpio.c.obj
 .debug_ranges  0x0000000000000e50      0x440 CMakeFiles/video_ram_replacement.dir/tree/downloaded_tools/pico/pico-sdk/src/rp2_common/hardware_claim/claim.c.obj
 .debug_ranges  0x0000000000001290       0x18 CMakeFiles/video_ram_replacement.dir/tree/downloaded_tools/pico/pico-sdk/src/rp2_common/pico_platform/platform.c.obj
 .debug_ranges  0x00000000000012a8      0x178 CMakeFiles/video_ram_replacement.dir/tree/downloaded_tools/pico/pico-sdk/src/rp2_common/hardware_sync/sync.c.obj
 .debug_ranges  0x0000000000001420      0xa08 CMakeFiles/video_ram_replacement.dir/tree/downloaded_tools/pico/pico-sdk/src/rp2_common/hardware_irq/irq.c.obj
 .debug_ranges  0x0000000000001e28       0x28 CMakeFiles/video_ram_replacement.dir/tree/downloaded_tools/pico/pico-sdk/src/common/pico_sync/lock_core.c.obj
 .debug_ranges  0x0000000000001e50     0x17a0 CMakeFiles/video_ram_replacement.dir/tree/downloaded_tools/pico/pico-sdk/src/common/pico_time/time.c.obj
 .debug_ranges  0x00000000000035f0      0x5b8 CMakeFiles/video_ram_replacement.dir/tree/downloaded_tools/pico/pico-sdk/src/rp2_common/hardware_timer/timer.c.obj
 .debug_ranges  0x0000000000003ba8      0x770 CMakeFiles/video_ram_replacement.dir/tree/downloaded_tools/pico/pico-sdk/src/common/pico_util/pheap.c.obj
 .debug_ranges  0x0000000000004318     0x1368 CMakeFiles/video_ram_replacement.dir/tree/downloaded_tools/pico/pico-sdk/src/common/pico_sync/mutex.c.obj
 .debug_ranges  0x0000000000005680       0xd8 CMakeFiles/video_ram_replacement.dir/tree/downloaded_tools/pico/pico-sdk/src/rp2_common/pico_runtime/runtime.c.obj
 .debug_ranges  0x0000000000005758      0x480 CMakeFiles/video_ram_replacement.dir/tree/downloaded_tools/pico/pico-sdk/src/rp2_common/hardware_clocks/clocks.c.obj
 .debug_ranges  0x0000000000005bd8       0x70 CMakeFiles/video_ram_replacement.dir/tree/downloaded_tools/pico/pico-sdk/src/rp2_common/hardware_pll/pll.c.obj
 .debug_ranges  0x0000000000005c48       0xe8 CMakeFiles/video_ram_replacement.dir/tree/downloaded_tools/pico/pico-sdk/src/rp2_common/hardware_watchdog/watchdog.c.obj
 .debug_ranges  0x0000000000005d30       0x38 CMakeFiles/video_ram_replacement.dir/tree/downloaded_tools/pico/pico-sdk/src/rp2_common/hardware_xosc/xosc.c.obj
 .debug_ranges  0x0000000000005d68      0x4e8 CMakeFiles/video_ram_replacement.dir/tree/downloaded_tools/pico/pico-sdk/src/rp2_common/pico_printf/printf.c.obj
 .debug_ranges  0x0000000000006250       0xa8 CMakeFiles/video_ram_replacement.dir/tree/downloaded_tools/pico/pico-sdk/src/rp2_common/pico_bootrom/bootrom.c.obj
 .debug_ranges  0x00000000000062f8       0x48 CMakeFiles/video_ram_replacement.dir/tree/downloaded_tools/pico/pico-sdk/src/rp2_common/pico_double/double_init_rom.c.obj
 .debug_ranges  0x0000000000006340       0x10 CMakeFiles/video_ram_replacement.dir/tree/downloaded_tools/pico/pico-sdk/src/rp2_common/pico_float/float_init_rom.c.obj
 .debug_ranges  0x0000000000006350       0x70 CMakeFiles/video_ram_replacement.dir/tree/downloaded_tools/pico/pico-sdk/src/rp2_common/pico_malloc/pico_malloc.c.obj
 .debug_ranges  0x00000000000063c0      0x5b8 CMakeFiles/video_ram_replacement.dir/tree/downloaded_tools/pico/pico-sdk/src/rp2_common/pico_stdio/stdio.c.obj
 .debug_ranges  0x0000000000006978       0xb0 CMakeFiles/video_ram_replacement.dir/tree/downloaded_tools/pico/pico-sdk/src/rp2_common/pico_unique_id/unique_id.c.obj
 .debug_ranges  0x0000000000006a28      0x258 CMakeFiles/video_ram_replacement.dir/tree/downloaded_tools/pico/pico-sdk/src/rp2_common/hardware_flash/flash.c.obj

.debug_line     0x0000000000000000    0x1114c
 .debug_line    0x0000000000000000      0xe4a CMakeFiles/video_ram_replacement.dir/video_ram_replacement.c.obj
 .debug_line    0x0000000000000e4a     0x16a0 CMakeFiles/video_ram_replacement.dir/tree/downloaded_tools/pico/pico-sdk/src/rp2_common/hardware_gpio/gpio.c.obj
 .debug_line    0x00000000000024ea      0x6bd CMakeFiles/video_ram_replacement.dir/tree/downloaded_tools/pico/pico-sdk/src/rp2_common/hardware_claim/claim.c.obj
 .debug_line    0x0000000000002ba7      0x1aa CMakeFiles/video_ram_replacement.dir/tree/downloaded_tools/pico/pico-sdk/src/rp2_common/pico_platform/platform.c.obj
 .debug_line    0x0000000000002d51      0x45d CMakeFiles/video_ram_replacement.dir/tree/downloaded_tools/pico/pico-sdk/src/rp2_common/hardware_sync/sync.c.obj
 .debug_line    0x00000000000031ae     0x147f CMakeFiles/video_ram_replacement.dir/tree/downloaded_tools/pico/pico-sdk/src/rp2_common/hardware_irq/irq.c.obj
 .debug_line    0x000000000000462d      0x233 CMakeFiles/video_ram_replacement.dir/tree/downloaded_tools/pico/pico-sdk/src/common/pico_sync/lock_core.c.obj
 .debug_line    0x0000000000004860     0x23e9 CMakeFiles/video_ram_replacement.dir/tree/downloaded_tools/pico/pico-sdk/src/common/pico_time/time.c.obj
 .debug_line    0x0000000000006c49      0xdf9 CMakeFiles/video_ram_replacement.dir/tree/downloaded_tools/pico/pico-sdk/src/rp2_common/hardware_timer/timer.c.obj
 .debug_line    0x0000000000007a42      0xe81 CMakeFiles/video_ram_replacement.dir/tree/downloaded_tools/pico/pico-sdk/src/common/pico_util/pheap.c.obj
 .debug_line    0x00000000000088c3     0x151f CMakeFiles/video_ram_replacement.dir/tree/downloaded_tools/pico/pico-sdk/src/common/pico_sync/mutex.c.obj
 .debug_line    0x0000000000009de2      0x95e CMakeFiles/video_ram_replacement.dir/tree/downloaded_tools/pico/pico-sdk/src/rp2_common/pico_runtime/runtime.c.obj
 .debug_line    0x000000000000a740     0x1425 CMakeFiles/video_ram_replacement.dir/tree/downloaded_tools/pico/pico-sdk/src/rp2_common/hardware_clocks/clocks.c.obj
 .debug_line    0x000000000000bb65      0x4ae CMakeFiles/video_ram_replacement.dir/tree/downloaded_tools/pico/pico-sdk/src/rp2_common/hardware_pll/pll.c.obj
 .debug_line    0x000000000000c013      0x665 CMakeFiles/video_ram_replacement.dir/tree/downloaded_tools/pico/pico-sdk/src/rp2_common/hardware_watchdog/watchdog.c.obj
 .debug_line    0x000000000000c678      0x269 CMakeFiles/video_ram_replacement.dir/tree/downloaded_tools/pico/pico-sdk/src/rp2_common/hardware_xosc/xosc.c.obj
 .debug_line    0x000000000000c8e1     0x1784 CMakeFiles/video_ram_replacement.dir/tree/downloaded_tools/pico/pico-sdk/src/rp2_common/pico_printf/printf.c.obj
 .debug_line    0x000000000000e065      0x202 CMakeFiles/video_ram_replacement.dir/tree/downloaded_tools/pico/pico-sdk/src/rp2_common/pico_bootrom/bootrom.c.obj
 .debug_line    0x000000000000e267      0x3c9 CMakeFiles/video_ram_replacement.dir/tree/downloaded_tools/pico/pico-sdk/src/rp2_common/pico_double/double_init_rom.c.obj
 .debug_line    0x000000000000e630      0x32f CMakeFiles/video_ram_replacement.dir/tree/downloaded_tools/pico/pico-sdk/src/rp2_common/pico_float/float_init_rom.c.obj
 .debug_line    0x000000000000e95f      0x414 CMakeFiles/video_ram_replacement.dir/tree/downloaded_tools/pico/pico-sdk/src/rp2_common/pico_malloc/pico_malloc.c.obj
 .debug_line    0x000000000000ed73      0x165 CMakeFiles/video_ram_replacement.dir/tree/downloaded_tools/pico/pico-sdk/src/rp2_common/pico_standard_link/binary_info.c.obj
 .debug_line    0x000000000000eed8     0x146b CMakeFiles/video_ram_replacement.dir/tree/downloaded_tools/pico/pico-sdk/src/rp2_common/pico_stdio/stdio.c.obj
 .debug_line    0x0000000000010343      0x431 CMakeFiles/video_ram_replacement.dir/tree/downloaded_tools/pico/pico-sdk/src/rp2_common/pico_unique_id/unique_id.c.obj
 .debug_line    0x0000000000010774      0x7b6 CMakeFiles/video_ram_replacement.dir/tree/downloaded_tools/pico/pico-sdk/src/rp2_common/hardware_flash/flash.c.obj
 .debug_line    0x0000000000010f2a       0x60 /usr/lib/gcc/arm-none-eabi/9.2.1/thumb/v6-m/nofp/libgcc.a(_dvmd_tls.o)
 .debug_line    0x0000000000010f8a      0x1c2 /usr/lib/gcc/arm-none-eabi/9.2.1/../../../arm-none-eabi/lib/thumb/v6-m/nofp/libc.a(lib_a-strlen-stub.o)

.debug_str      0x0000000000000000     0x39ab
 .debug_str     0x0000000000000000      0xa6d CMakeFiles/video_ram_replacement.dir/video_ram_replacement.c.obj
                                        0xb3e (size before relaxing)
 .debug_str     0x0000000000000a6d      0x602 CMakeFiles/video_ram_replacement.dir/tree/downloaded_tools/pico/pico-sdk/src/rp2_common/hardware_gpio/gpio.c.obj
                                        0x9df (size before relaxing)
 .debug_str     0x000000000000106f      0x1c6 CMakeFiles/video_ram_replacement.dir/tree/downloaded_tools/pico/pico-sdk/src/rp2_common/hardware_claim/claim.c.obj
                                        0x38f (size before relaxing)
 .debug_str     0x0000000000001235       0x8b CMakeFiles/video_ram_replacement.dir/tree/downloaded_tools/pico/pico-sdk/src/rp2_common/pico_platform/platform.c.obj
                                        0x246 (size before relaxing)
 .debug_str     0x00000000000012c0       0xf6 CMakeFiles/video_ram_replacement.dir/tree/downloaded_tools/pico/pico-sdk/src/rp2_common/hardware_sync/sync.c.obj
                                        0x371 (size before relaxing)
 .debug_str     0x00000000000013b6      0x3a6 CMakeFiles/video_ram_replacement.dir/tree/downloaded_tools/pico/pico-sdk/src/rp2_common/hardware_irq/irq.c.obj
                                        0x80e (size before relaxing)
 .debug_str     0x000000000000175c       0x66 CMakeFiles/video_ram_replacement.dir/tree/downloaded_tools/pico/pico-sdk/src/common/pico_sync/lock_core.c.obj
                                        0x274 (size before relaxing)
 .debug_str     0x00000000000017c2      0x6ea CMakeFiles/video_ram_replacement.dir/tree/downloaded_tools/pico/pico-sdk/src/common/pico_time/time.c.obj
                                        0xf49 (size before relaxing)
 .debug_str     0x0000000000001eac      0x15a CMakeFiles/video_ram_replacement.dir/tree/downloaded_tools/pico/pico-sdk/src/rp2_common/hardware_timer/timer.c.obj
                                        0x67a (size before relaxing)
 .debug_str     0x0000000000002006       0xf0 CMakeFiles/video_ram_replacement.dir/tree/downloaded_tools/pico/pico-sdk/src/common/pico_util/pheap.c.obj
                                        0x813 (size before relaxing)
 .debug_str     0x00000000000020f6      0x16f CMakeFiles/video_ram_replacement.dir/tree/downloaded_tools/pico/pico-sdk/src/common/pico_sync/mutex.c.obj
                                        0x5cf (size before relaxing)
 .debug_str     0x0000000000002265      0x243 CMakeFiles/video_ram_replacement.dir/tree/downloaded_tools/pico/pico-sdk/src/rp2_common/pico_runtime/runtime.c.obj
                                        0xa6a (size before relaxing)
 .debug_str     0x00000000000024a8      0x261 CMakeFiles/video_ram_replacement.dir/tree/downloaded_tools/pico/pico-sdk/src/rp2_common/hardware_clocks/clocks.c.obj
                                        0x661 (size before relaxing)
 .debug_str     0x0000000000002709       0x99 CMakeFiles/video_ram_replacement.dir/tree/downloaded_tools/pico/pico-sdk/src/rp2_common/hardware_pll/pll.c.obj
                                        0x2f1 (size before relaxing)
 .debug_str     0x00000000000027a2      0x130 CMakeFiles/video_ram_replacement.dir/tree/downloaded_tools/pico/pico-sdk/src/rp2_common/hardware_watchdog/watchdog.c.obj
                                        0x758 (size before relaxing)
 .debug_str     0x00000000000028d2       0x75 CMakeFiles/video_ram_replacement.dir/tree/downloaded_tools/pico/pico-sdk/src/rp2_common/hardware_xosc/xosc.c.obj
                                        0x25f (size before relaxing)
 .debug_str     0x0000000000002947      0x1ba CMakeFiles/video_ram_replacement.dir/tree/downloaded_tools/pico/pico-sdk/src/rp2_common/pico_printf/printf.c.obj
                                        0x7f4 (size before relaxing)
 .debug_str     0x0000000000002b01       0xce CMakeFiles/video_ram_replacement.dir/tree/downloaded_tools/pico/pico-sdk/src/rp2_common/pico_bootrom/bootrom.c.obj
                                        0x28f (size before relaxing)
 .debug_str     0x0000000000002bcf       0xa7 CMakeFiles/video_ram_replacement.dir/tree/downloaded_tools/pico/pico-sdk/src/rp2_common/pico_double/double_init_rom.c.obj
                                        0x67d (size before relaxing)
 .debug_str     0x0000000000002c76       0x8b CMakeFiles/video_ram_replacement.dir/tree/downloaded_tools/pico/pico-sdk/src/rp2_common/pico_float/float_init_rom.c.obj
                                        0x699 (size before relaxing)
 .debug_str     0x0000000000002d01       0xd5 CMakeFiles/video_ram_replacement.dir/tree/downloaded_tools/pico/pico-sdk/src/rp2_common/pico_malloc/pico_malloc.c.obj
                                        0x74a (size before relaxing)
 .debug_str     0x0000000000002dd6      0x27d CMakeFiles/video_ram_replacement.dir/tree/downloaded_tools/pico/pico-sdk/src/rp2_common/pico_standard_link/binary_info.c.obj
                                        0x448 (size before relaxing)
 .debug_str     0x0000000000003053      0x379 CMakeFiles/video_ram_replacement.dir/tree/downloaded_tools/pico/pico-sdk/src/rp2_common/pico_stdio/stdio.c.obj